[0.006s] Invoking command in '/home/bajdus/Desktop/complete-velocity-messages/build/motion_capture_tracking_interfaces': CMAKE_PREFIX_PATH=${CMAKE_PREFIX_PATH}:/opt/ros/jazzy DEBUGINFOD_URLS=https://debuginfod.ubuntu.com /usr/bin/cmake /home/bajdus/Desktop/complete-velocity-messages/ros_ws/src/motion_capture_tracking/motion_capture_tracking_interfaces -DAMENT_CMAKE_SYMLINK_INSTALL=1 -DCMAKE_INSTALL_PREFIX=/home/bajdus/Desktop/complete-velocity-messages/install/motion_capture_tracking_interfaces
[0.087s] -- The C compiler identification is GNU 13.3.0
[0.150s] -- The CXX compiler identification is GNU 13.3.0
[0.164s] -- Detecting C compiler ABI info
[0.236s] -- Detecting C compiler ABI info - done
[0.242s] -- Check for working C compiler: /usr/bin/cc - skipped
[0.242s] -- Detecting C compile features
[0.242s] -- Detecting C compile features - done
[0.251s] -- Detecting CXX compiler ABI info
[0.327s] -- Detecting CXX compiler ABI info - done
[0.332s] -- Check for working CXX compiler: /usr/bin/c++ - skipped
[0.332s] -- Detecting CXX compile features
[0.333s] -- Detecting CXX compile features - done
[0.337s] -- Found ament_cmake: 2.5.3 (/opt/ros/jazzy/share/ament_cmake/cmake)
[0.441s] -- Found Python3: /usr/bin/python3 (found version "3.12.3") found components: Interpreter 
[0.494s] -- Override CMake install command with custom implementation using symlinks instead of copying resources
[0.518s] -- Found builtin_interfaces: 2.0.2 (/opt/ros/jazzy/share/builtin_interfaces/cmake)
[0.547s] -- Found rosidl_generator_c: 4.6.5 (/opt/ros/jazzy/share/rosidl_generator_c/cmake)
[0.557s] -- Found rosidl_generator_cpp: 4.6.5 (/opt/ros/jazzy/share/rosidl_generator_cpp/cmake)
[0.570s] -- Using all available rosidl_typesupport_c: rosidl_typesupport_fastrtps_c;rosidl_typesupport_introspection_c
[0.584s] -- Using all available rosidl_typesupport_cpp: rosidl_typesupport_fastrtps_cpp;rosidl_typesupport_introspection_cpp
[0.595s] -- Found geometry_msgs: 5.3.5 (/opt/ros/jazzy/share/geometry_msgs/cmake)
[0.620s] -- Found rosidl_default_generators: 1.6.0 (/opt/ros/jazzy/share/rosidl_default_generators/cmake)
[0.629s] -- Found rosidl_adapter: 4.6.5 (/opt/ros/jazzy/share/rosidl_adapter/cmake)
[1.071s] -- Found ament_cmake_cppcheck: 0.17.1 (/opt/ros/jazzy/share/ament_cmake_cppcheck/cmake)
[1.073s] -- Found ament_cmake_cpplint: 0.17.1 (/opt/ros/jazzy/share/ament_cmake_cpplint/cmake)
[1.075s] -- Found ament_cmake_uncrustify: 0.17.1 (/opt/ros/jazzy/share/ament_cmake_uncrustify/cmake)
[1.077s] -- Found ament_cmake_ros: 0.12.0 (/opt/ros/jazzy/share/ament_cmake_ros/cmake)
[1.690s] -- Using all available rosidl_typesupport_c: rosidl_typesupport_fastrtps_c;rosidl_typesupport_introspection_c
[1.937s] -- Using all available rosidl_typesupport_cpp: rosidl_typesupport_fastrtps_cpp;rosidl_typesupport_introspection_cpp
[1.948s] -- Found python_cmake_module: 0.11.1 (/opt/ros/jazzy/share/python_cmake_module/cmake)
[2.047s] -- Found PythonExtra: /usr/bin/python3  
[2.412s] -- Found Python3: /usr/bin/python3 (found version "3.12.3") found components: Interpreter Development NumPy Development.Module Development.Embed 
[2.455s] -- Found ament_cmake_flake8: 0.17.1 (/opt/ros/jazzy/share/ament_cmake_flake8/cmake)
[2.457s] -- Found ament_cmake_pep257: 0.17.1 (/opt/ros/jazzy/share/ament_cmake_pep257/cmake)
[2.466s] -- Configuring done (2.4s)
[2.497s] -- Generating done (0.0s)
[2.505s] -- Build files have been written to: /home/bajdus/Desktop/complete-velocity-messages/build/motion_capture_tracking_interfaces
[2.512s] Invoked command in '/home/bajdus/Desktop/complete-velocity-messages/build/motion_capture_tracking_interfaces' returned '0': CMAKE_PREFIX_PATH=${CMAKE_PREFIX_PATH}:/opt/ros/jazzy DEBUGINFOD_URLS=https://debuginfod.ubuntu.com /usr/bin/cmake /home/bajdus/Desktop/complete-velocity-messages/ros_ws/src/motion_capture_tracking/motion_capture_tracking_interfaces -DAMENT_CMAKE_SYMLINK_INSTALL=1 -DCMAKE_INSTALL_PREFIX=/home/bajdus/Desktop/complete-velocity-messages/install/motion_capture_tracking_interfaces
[2.513s] Invoking command in '/home/bajdus/Desktop/complete-velocity-messages/build/motion_capture_tracking_interfaces': CMAKE_PREFIX_PATH=${CMAKE_PREFIX_PATH}:/opt/ros/jazzy DEBUGINFOD_URLS=https://debuginfod.ubuntu.com /usr/bin/cmake --build /home/bajdus/Desktop/complete-velocity-messages/build/motion_capture_tracking_interfaces -- -j20 -l20
[2.557s] [  1%] [34m[1mGenerating type hashes for ROS interfaces[0m
[2.564s] [  1%] Built target ament_cmake_python_symlink_motion_capture_tracking_interfaces
[2.694s] [  1%] Built target motion_capture_tracking_interfaces__rosidl_generator_type_description
[2.694s] running egg_info
[2.695s] creating motion_capture_tracking_interfaces.egg-info
[2.702s] [  3%] [34m[1mGenerating C code for ROS interfaces[0m
[2.707s] writing motion_capture_tracking_interfaces.egg-info/PKG-INFO
[2.707s] writing dependency_links to motion_capture_tracking_interfaces.egg-info/dependency_links.txt
[2.707s] writing top-level names to motion_capture_tracking_interfaces.egg-info/top_level.txt
[2.707s] writing manifest file 'motion_capture_tracking_interfaces.egg-info/SOURCES.txt'
[2.711s] [  4%] [34m[1mGenerating C++ code for ROS interfaces[0m
[2.740s] reading manifest file 'motion_capture_tracking_interfaces.egg-info/SOURCES.txt'
[2.740s] writing manifest file 'motion_capture_tracking_interfaces.egg-info/SOURCES.txt'
[2.759s] [  4%] Built target ament_cmake_python_build_motion_capture_tracking_interfaces_egg
[2.905s] [  4%] Built target motion_capture_tracking_interfaces__cpp
[2.943s] [  9%] [32mBuilding C object CMakeFiles/motion_capture_tracking_interfaces__rosidl_generator_c.dir/rosidl_generator_c/motion_capture_tracking_interfaces/msg/detail/named_pose_array__functions.c.o[0m
[2.943s] [ 10%] [32mBuilding C object CMakeFiles/motion_capture_tracking_interfaces__rosidl_generator_c.dir/rosidl_generator_c/motion_capture_tracking_interfaces/msg/detail/target_position__description.c.o[0m
[2.943s] [  9%] [32mBuilding C object CMakeFiles/motion_capture_tracking_interfaces__rosidl_generator_c.dir/rosidl_generator_c/motion_capture_tracking_interfaces/msg/detail/named_pose_array__description.c.o[0m
[2.943s] [  9%] [32mBuilding C object CMakeFiles/motion_capture_tracking_interfaces__rosidl_generator_c.dir/rosidl_generator_c/motion_capture_tracking_interfaces/msg/detail/named_pose__functions.c.o[0m
[2.943s] [ 12%] [32mBuilding C object CMakeFiles/motion_capture_tracking_interfaces__rosidl_generator_c.dir/rosidl_generator_c/motion_capture_tracking_interfaces/msg/detail/target_position__type_support.c.o[0m
[2.943s] [ 14%] [32mBuilding C object CMakeFiles/motion_capture_tracking_interfaces__rosidl_generator_c.dir/rosidl_generator_c/motion_capture_tracking_interfaces/msg/detail/named_pose__description.c.o[0m
[2.944s] [ 17%] [32mBuilding C object CMakeFiles/motion_capture_tracking_interfaces__rosidl_generator_c.dir/rosidl_generator_c/motion_capture_tracking_interfaces/msg/detail/named_pose__type_support.c.o[0m
[2.944s] [ 17%] [32mBuilding C object CMakeFiles/motion_capture_tracking_interfaces__rosidl_generator_c.dir/rosidl_generator_c/motion_capture_tracking_interfaces/msg/detail/named_pose_array__type_support.c.o[0m
[2.945s] [ 18%] [32mBuilding C object CMakeFiles/motion_capture_tracking_interfaces__rosidl_generator_c.dir/rosidl_generator_c/motion_capture_tracking_interfaces/msg/detail/target_position__functions.c.o[0m
[2.945s] [ 20%] [32mBuilding C object CMakeFiles/motion_capture_tracking_interfaces__rosidl_generator_c.dir/rosidl_generator_c/motion_capture_tracking_interfaces/msg/detail/target_position_array__description.c.o[0m
[2.946s] [ 21%] [32mBuilding C object CMakeFiles/motion_capture_tracking_interfaces__rosidl_generator_c.dir/rosidl_generator_c/motion_capture_tracking_interfaces/msg/detail/target_position_array__functions.c.o[0m
[2.947s] [ 23%] [32mBuilding C object CMakeFiles/motion_capture_tracking_interfaces__rosidl_generator_c.dir/rosidl_generator_c/motion_capture_tracking_interfaces/msg/detail/target_position_array__type_support.c.o[0m
[2.995s] [ 25%] [32m[1mLinking C shared library libmotion_capture_tracking_interfaces__rosidl_generator_c.so[0m
[3.030s] [ 25%] Built target motion_capture_tracking_interfaces__rosidl_generator_c
[3.037s] [ 28%] [34m[1mGenerating C++ type support dispatch for ROS interfaces[0m
[3.037s] [ 28%] [34m[1mGenerating C++ introspection for ROS interfaces[0m
[3.038s] [ 29%] [34m[1mGenerating C++ type support for eProsima Fast-RTPS[0m
[3.039s] [ 31%] [34m[1mGenerating C type support dispatch for ROS interfaces[0m
[3.039s] [ 34%] [34m[1mGenerating C type support for eProsima Fast-RTPS[0m
[3.039s] [ 34%] [34m[1mGenerating C introspection for ROS interfaces[0m
[3.204s] [ 35%] [32mBuilding CXX object CMakeFiles/motion_capture_tracking_interfaces__rosidl_typesupport_cpp.dir/rosidl_typesupport_cpp/motion_capture_tracking_interfaces/msg/target_position_array__type_support.cpp.o[0m
[3.204s] [ 37%] [32mBuilding CXX object CMakeFiles/motion_capture_tracking_interfaces__rosidl_typesupport_cpp.dir/rosidl_typesupport_cpp/motion_capture_tracking_interfaces/msg/named_pose_array__type_support.cpp.o[0m
[3.204s] [ 39%] [32mBuilding CXX object CMakeFiles/motion_capture_tracking_interfaces__rosidl_typesupport_cpp.dir/rosidl_typesupport_cpp/motion_capture_tracking_interfaces/msg/named_pose__type_support.cpp.o[0m
[3.207s] [ 40%] [32mBuilding CXX object CMakeFiles/motion_capture_tracking_interfaces__rosidl_typesupport_cpp.dir/rosidl_typesupport_cpp/motion_capture_tracking_interfaces/msg/target_position__type_support.cpp.o[0m
[3.227s] [ 42%] [32mBuilding CXX object CMakeFiles/motion_capture_tracking_interfaces__rosidl_typesupport_introspection_cpp.dir/rosidl_typesupport_introspection_cpp/motion_capture_tracking_interfaces/msg/detail/named_pose_array__type_support.cpp.o[0m
[3.227s] [ 45%] [32mBuilding C object CMakeFiles/motion_capture_tracking_interfaces__rosidl_typesupport_introspection_c.dir/rosidl_typesupport_introspection_c/motion_capture_tracking_interfaces/msg/detail/named_pose_array__type_support.c.o[0m
[3.228s] [ 46%] [32mBuilding CXX object CMakeFiles/motion_capture_tracking_interfaces__rosidl_typesupport_introspection_cpp.dir/rosidl_typesupport_introspection_cpp/motion_capture_tracking_interfaces/msg/detail/target_position__type_support.cpp.o[0m
[3.228s] [ 46%] [32mBuilding CXX object CMakeFiles/motion_capture_tracking_interfaces__rosidl_typesupport_introspection_cpp.dir/rosidl_typesupport_introspection_cpp/motion_capture_tracking_interfaces/msg/detail/target_position_array__type_support.cpp.o[0m
[3.228s] [ 48%] [32mBuilding C object CMakeFiles/motion_capture_tracking_interfaces__rosidl_typesupport_introspection_c.dir/rosidl_typesupport_introspection_c/motion_capture_tracking_interfaces/msg/detail/named_pose__type_support.c.o[0m
[3.228s] [ 50%] [32mBuilding C object CMakeFiles/motion_capture_tracking_interfaces__rosidl_typesupport_introspection_c.dir/rosidl_typesupport_introspection_c/motion_capture_tracking_interfaces/msg/detail/target_position_array__type_support.c.o[0m
[3.228s] [ 53%] [32mBuilding CXX object CMakeFiles/motion_capture_tracking_interfaces__rosidl_typesupport_introspection_cpp.dir/rosidl_typesupport_introspection_cpp/motion_capture_tracking_interfaces/msg/detail/named_pose__type_support.cpp.o[0m
[3.228s] [ 53%] [32mBuilding C object CMakeFiles/motion_capture_tracking_interfaces__rosidl_typesupport_introspection_c.dir/rosidl_typesupport_introspection_c/motion_capture_tracking_interfaces/msg/detail/target_position__type_support.c.o[0m
[3.264s] [ 54%] [32mBuilding CXX object CMakeFiles/motion_capture_tracking_interfaces__rosidl_typesupport_c.dir/rosidl_typesupport_c/motion_capture_tracking_interfaces/msg/named_pose__type_support.cpp.o[0m
[3.267s] [ 56%] [32mBuilding CXX object CMakeFiles/motion_capture_tracking_interfaces__rosidl_typesupport_c.dir/rosidl_typesupport_c/motion_capture_tracking_interfaces/msg/named_pose_array__type_support.cpp.o[0m
[3.271s] [ 57%] [32m[1mLinking C shared library libmotion_capture_tracking_interfaces__rosidl_typesupport_introspection_c.so[0m
[3.271s] [ 59%] [32mBuilding CXX object CMakeFiles/motion_capture_tracking_interfaces__rosidl_typesupport_c.dir/rosidl_typesupport_c/motion_capture_tracking_interfaces/msg/target_position__type_support.cpp.o[0m
[3.271s] [ 60%] [32mBuilding CXX object CMakeFiles/motion_capture_tracking_interfaces__rosidl_typesupport_c.dir/rosidl_typesupport_c/motion_capture_tracking_interfaces/msg/target_position_array__type_support.cpp.o[0m
[3.295s] [ 65%] [32mBuilding CXX object CMakeFiles/motion_capture_tracking_interfaces__rosidl_typesupport_fastrtps_cpp.dir/rosidl_typesupport_fastrtps_cpp/motion_capture_tracking_interfaces/msg/detail/dds_fastrtps/target_position_array__type_support.cpp.o[0m
[3.295s] [ 65%] [32mBuilding CXX object CMakeFiles/motion_capture_tracking_interfaces__rosidl_typesupport_fastrtps_cpp.dir/rosidl_typesupport_fastrtps_cpp/motion_capture_tracking_interfaces/msg/detail/dds_fastrtps/named_pose_array__type_support.cpp.o[0m
[3.295s] [ 65%] [32mBuilding CXX object CMakeFiles/motion_capture_tracking_interfaces__rosidl_typesupport_fastrtps_cpp.dir/rosidl_typesupport_fastrtps_cpp/motion_capture_tracking_interfaces/msg/detail/dds_fastrtps/target_position__type_support.cpp.o[0m
[3.298s] [ 67%] [32mBuilding CXX object CMakeFiles/motion_capture_tracking_interfaces__rosidl_typesupport_fastrtps_cpp.dir/rosidl_typesupport_fastrtps_cpp/motion_capture_tracking_interfaces/msg/detail/dds_fastrtps/named_pose__type_support.cpp.o[0m
[3.308s] [ 70%] [32mBuilding CXX object CMakeFiles/motion_capture_tracking_interfaces__rosidl_typesupport_fastrtps_c.dir/rosidl_typesupport_fastrtps_c/motion_capture_tracking_interfaces/msg/detail/named_pose__type_support_c.cpp.o[0m
[3.308s] [ 70%] [32mBuilding CXX object CMakeFiles/motion_capture_tracking_interfaces__rosidl_typesupport_fastrtps_c.dir/rosidl_typesupport_fastrtps_c/motion_capture_tracking_interfaces/msg/detail/named_pose_array__type_support_c.cpp.o[0m
[3.309s] [ 71%] [32mBuilding CXX object CMakeFiles/motion_capture_tracking_interfaces__rosidl_typesupport_fastrtps_c.dir/rosidl_typesupport_fastrtps_c/motion_capture_tracking_interfaces/msg/detail/target_position_array__type_support_c.cpp.o[0m
[3.310s] [ 73%] [32mBuilding CXX object CMakeFiles/motion_capture_tracking_interfaces__rosidl_typesupport_fastrtps_c.dir/rosidl_typesupport_fastrtps_c/motion_capture_tracking_interfaces/msg/detail/target_position__type_support_c.cpp.o[0m
[3.311s] [ 73%] Built target motion_capture_tracking_interfaces__rosidl_typesupport_introspection_c
[3.325s] [ 75%] [32m[1mLinking CXX shared library libmotion_capture_tracking_interfaces__rosidl_typesupport_c.so[0m
[3.381s] [ 75%] Built target motion_capture_tracking_interfaces__rosidl_typesupport_c
[3.588s] [ 76%] [32m[1mLinking CXX shared library libmotion_capture_tracking_interfaces__rosidl_typesupport_cpp.so[0m
[3.616s] [ 78%] [32m[1mLinking CXX shared library libmotion_capture_tracking_interfaces__rosidl_typesupport_introspection_cpp.so[0m
[3.634s] [ 78%] Built target motion_capture_tracking_interfaces__rosidl_typesupport_cpp
[3.699s] [ 78%] Built target motion_capture_tracking_interfaces__rosidl_typesupport_introspection_cpp
[3.716s] [ 79%] [32m[1mLinking CXX shared library libmotion_capture_tracking_interfaces__rosidl_typesupport_fastrtps_c.so[0m
[3.762s] [ 81%] [32m[1mLinking CXX shared library libmotion_capture_tracking_interfaces__rosidl_typesupport_fastrtps_cpp.so[0m
[3.771s] [ 81%] Built target motion_capture_tracking_interfaces__rosidl_typesupport_fastrtps_c
[3.816s] [ 81%] Built target motion_capture_tracking_interfaces__rosidl_typesupport_fastrtps_cpp
[3.833s] [ 81%] Built target motion_capture_tracking_interfaces
[3.848s] [ 82%] [34m[1mGenerating Python code for ROS interfaces[0m
[4.092s] [ 82%] Built target motion_capture_tracking_interfaces__py
[4.109s] [ 84%] [32mBuilding C object CMakeFiles/motion_capture_tracking_interfaces__rosidl_generator_py.dir/rosidl_generator_py/motion_capture_tracking_interfaces/msg/_target_position_array_s.c.o[0m
[4.112s] [ 87%] [32mBuilding C object CMakeFiles/motion_capture_tracking_interfaces__rosidl_generator_py.dir/rosidl_generator_py/motion_capture_tracking_interfaces/msg/_named_pose_s.c.o[0m
[4.112s] [ 89%] [32mBuilding C object CMakeFiles/motion_capture_tracking_interfaces__rosidl_generator_py.dir/rosidl_generator_py/motion_capture_tracking_interfaces/msg/_named_pose_array_s.c.o[0m
[4.112s] [ 89%] [32mBuilding C object CMakeFiles/motion_capture_tracking_interfaces__rosidl_generator_py.dir/rosidl_generator_py/motion_capture_tracking_interfaces/msg/_target_position_s.c.o[0m
[4.202s] [ 90%] [32m[1mLinking C shared library libmotion_capture_tracking_interfaces__rosidl_generator_py.so[0m
[4.236s] [ 90%] Built target motion_capture_tracking_interfaces__rosidl_generator_py
[4.251s] [ 92%] [32mBuilding C object CMakeFiles/motion_capture_tracking_interfaces_s__rosidl_typesupport_fastrtps_c.dir/rosidl_generator_py/motion_capture_tracking_interfaces/_motion_capture_tracking_interfaces_s.ep.rosidl_typesupport_fastrtps_c.c.o[0m
[4.254s] [ 93%] [32mBuilding C object CMakeFiles/motion_capture_tracking_interfaces_s__rosidl_typesupport_introspection_c.dir/rosidl_generator_py/motion_capture_tracking_interfaces/_motion_capture_tracking_interfaces_s.ep.rosidl_typesupport_introspection_c.c.o[0m
[4.256s] [ 95%] [32mBuilding C object CMakeFiles/motion_capture_tracking_interfaces_s__rosidl_typesupport_c.dir/rosidl_generator_py/motion_capture_tracking_interfaces/_motion_capture_tracking_interfaces_s.ep.rosidl_typesupport_c.c.o[0m
[4.321s] [ 96%] [32m[1mLinking C shared module rosidl_generator_py/motion_capture_tracking_interfaces/motion_capture_tracking_interfaces_s__rosidl_typesupport_c.so[0m
[4.322s] [ 98%] [32m[1mLinking C shared module rosidl_generator_py/motion_capture_tracking_interfaces/motion_capture_tracking_interfaces_s__rosidl_typesupport_fastrtps_c.so[0m
[4.323s] [100%] [32m[1mLinking C shared module rosidl_generator_py/motion_capture_tracking_interfaces/motion_capture_tracking_interfaces_s__rosidl_typesupport_introspection_c.so[0m
[4.345s] [100%] Built target motion_capture_tracking_interfaces_s__rosidl_typesupport_c
[4.348s] [100%] Built target motion_capture_tracking_interfaces_s__rosidl_typesupport_introspection_c
[4.352s] [100%] Built target motion_capture_tracking_interfaces_s__rosidl_typesupport_fastrtps_c
[4.361s] Invoked command in '/home/bajdus/Desktop/complete-velocity-messages/build/motion_capture_tracking_interfaces' returned '0': CMAKE_PREFIX_PATH=${CMAKE_PREFIX_PATH}:/opt/ros/jazzy DEBUGINFOD_URLS=https://debuginfod.ubuntu.com /usr/bin/cmake --build /home/bajdus/Desktop/complete-velocity-messages/build/motion_capture_tracking_interfaces -- -j20 -l20
[4.371s] Invoking command in '/home/bajdus/Desktop/complete-velocity-messages/build/motion_capture_tracking_interfaces': CMAKE_PREFIX_PATH=${CMAKE_PREFIX_PATH}:/opt/ros/jazzy DEBUGINFOD_URLS=https://debuginfod.ubuntu.com /usr/bin/cmake --install /home/bajdus/Desktop/complete-velocity-messages/build/motion_capture_tracking_interfaces
[4.378s] -- Install configuration: ""
[4.378s] -- Execute custom install script
[4.378s] -- Symlinking: /home/bajdus/Desktop/complete-velocity-messages/install/motion_capture_tracking_interfaces/share/ament_index/resource_index/rosidl_interfaces/motion_capture_tracking_interfaces
[4.384s] -- Symlinking: /home/bajdus/Desktop/complete-velocity-messages/install/motion_capture_tracking_interfaces/share/motion_capture_tracking_interfaces/msg/NamedPose.json
[4.393s] -- Symlinking: /home/bajdus/Desktop/complete-velocity-messages/install/motion_capture_tracking_interfaces/share/motion_capture_tracking_interfaces/msg/NamedPoseArray.json
[4.400s] -- Symlinking: /home/bajdus/Desktop/complete-velocity-messages/install/motion_capture_tracking_interfaces/share/motion_capture_tracking_interfaces/msg/TargetPosition.json
[4.406s] -- Symlinking: /home/bajdus/Desktop/complete-velocity-messages/install/motion_capture_tracking_interfaces/share/motion_capture_tracking_interfaces/msg/TargetPositionArray.json
[4.414s] -- Symlinking: /home/bajdus/Desktop/complete-velocity-messages/install/motion_capture_tracking_interfaces/include/motion_capture_tracking_interfaces/motion_capture_tracking_interfaces/msg/detail/named_pose__functions.h
[4.421s] -- Symlinking: /home/bajdus/Desktop/complete-velocity-messages/install/motion_capture_tracking_interfaces/include/motion_capture_tracking_interfaces/motion_capture_tracking_interfaces/msg/detail/named_pose__struct.h
[4.429s] -- Symlinking: /home/bajdus/Desktop/complete-velocity-messages/install/motion_capture_tracking_interfaces/include/motion_capture_tracking_interfaces/motion_capture_tracking_interfaces/msg/detail/named_pose__type_support.h
[4.435s] -- Symlinking: /home/bajdus/Desktop/complete-velocity-messages/install/motion_capture_tracking_interfaces/include/motion_capture_tracking_interfaces/motion_capture_tracking_interfaces/msg/detail/named_pose_array__functions.h
[4.443s] -- Symlinking: /home/bajdus/Desktop/complete-velocity-messages/install/motion_capture_tracking_interfaces/include/motion_capture_tracking_interfaces/motion_capture_tracking_interfaces/msg/detail/named_pose_array__struct.h
[4.451s] -- Symlinking: /home/bajdus/Desktop/complete-velocity-messages/install/motion_capture_tracking_interfaces/include/motion_capture_tracking_interfaces/motion_capture_tracking_interfaces/msg/detail/named_pose_array__type_support.h
[4.458s] -- Symlinking: /home/bajdus/Desktop/complete-velocity-messages/install/motion_capture_tracking_interfaces/include/motion_capture_tracking_interfaces/motion_capture_tracking_interfaces/msg/detail/target_position__functions.h
[4.467s] -- Symlinking: /home/bajdus/Desktop/complete-velocity-messages/install/motion_capture_tracking_interfaces/include/motion_capture_tracking_interfaces/motion_capture_tracking_interfaces/msg/detail/target_position__struct.h
[4.472s] -- Symlinking: /home/bajdus/Desktop/complete-velocity-messages/install/motion_capture_tracking_interfaces/include/motion_capture_tracking_interfaces/motion_capture_tracking_interfaces/msg/detail/target_position__type_support.h
[4.480s] -- Symlinking: /home/bajdus/Desktop/complete-velocity-messages/install/motion_capture_tracking_interfaces/include/motion_capture_tracking_interfaces/motion_capture_tracking_interfaces/msg/detail/target_position_array__functions.h
[4.487s] -- Symlinking: /home/bajdus/Desktop/complete-velocity-messages/install/motion_capture_tracking_interfaces/include/motion_capture_tracking_interfaces/motion_capture_tracking_interfaces/msg/detail/target_position_array__struct.h
[4.492s] -- Symlinking: /home/bajdus/Desktop/complete-velocity-messages/install/motion_capture_tracking_interfaces/include/motion_capture_tracking_interfaces/motion_capture_tracking_interfaces/msg/detail/target_position_array__type_support.h
[4.500s] -- Symlinking: /home/bajdus/Desktop/complete-velocity-messages/install/motion_capture_tracking_interfaces/include/motion_capture_tracking_interfaces/motion_capture_tracking_interfaces/msg/named_pose.h
[4.508s] -- Symlinking: /home/bajdus/Desktop/complete-velocity-messages/install/motion_capture_tracking_interfaces/include/motion_capture_tracking_interfaces/motion_capture_tracking_interfaces/msg/named_pose_array.h
[4.514s] -- Symlinking: /home/bajdus/Desktop/complete-velocity-messages/install/motion_capture_tracking_interfaces/include/motion_capture_tracking_interfaces/motion_capture_tracking_interfaces/msg/rosidl_generator_c__visibility_control.h
[4.520s] -- Symlinking: /home/bajdus/Desktop/complete-velocity-messages/install/motion_capture_tracking_interfaces/include/motion_capture_tracking_interfaces/motion_capture_tracking_interfaces/msg/target_position.h
[4.525s] -- Symlinking: /home/bajdus/Desktop/complete-velocity-messages/install/motion_capture_tracking_interfaces/include/motion_capture_tracking_interfaces/motion_capture_tracking_interfaces/msg/target_position_array.h
[4.532s] -- Symlinking: /home/bajdus/Desktop/complete-velocity-messages/install/motion_capture_tracking_interfaces/share/motion_capture_tracking_interfaces/environment/library_path.sh
[4.537s] -- Symlinking: /home/bajdus/Desktop/complete-velocity-messages/install/motion_capture_tracking_interfaces/share/motion_capture_tracking_interfaces/environment/library_path.dsv
[4.546s] -- Symlinking: /home/bajdus/Desktop/complete-velocity-messages/install/motion_capture_tracking_interfaces/include/motion_capture_tracking_interfaces/motion_capture_tracking_interfaces/msg/detail/named_pose__rosidl_typesupport_fastrtps_c.h
[4.552s] -- Symlinking: /home/bajdus/Desktop/complete-velocity-messages/install/motion_capture_tracking_interfaces/include/motion_capture_tracking_interfaces/motion_capture_tracking_interfaces/msg/detail/named_pose_array__rosidl_typesupport_fastrtps_c.h
[4.560s] -- Symlinking: /home/bajdus/Desktop/complete-velocity-messages/install/motion_capture_tracking_interfaces/include/motion_capture_tracking_interfaces/motion_capture_tracking_interfaces/msg/detail/target_position__rosidl_typesupport_fastrtps_c.h
[4.566s] -- Symlinking: /home/bajdus/Desktop/complete-velocity-messages/install/motion_capture_tracking_interfaces/include/motion_capture_tracking_interfaces/motion_capture_tracking_interfaces/msg/detail/target_position_array__rosidl_typesupport_fastrtps_c.h
[4.572s] -- Symlinking: /home/bajdus/Desktop/complete-velocity-messages/install/motion_capture_tracking_interfaces/include/motion_capture_tracking_interfaces/motion_capture_tracking_interfaces/msg/rosidl_typesupport_fastrtps_c__visibility_control.h
[4.579s] -- Symlinking: /home/bajdus/Desktop/complete-velocity-messages/install/motion_capture_tracking_interfaces/include/motion_capture_tracking_interfaces/motion_capture_tracking_interfaces/msg/detail/named_pose__builder.hpp
[4.586s] -- Symlinking: /home/bajdus/Desktop/complete-velocity-messages/install/motion_capture_tracking_interfaces/include/motion_capture_tracking_interfaces/motion_capture_tracking_interfaces/msg/detail/named_pose__struct.hpp
[4.591s] -- Symlinking: /home/bajdus/Desktop/complete-velocity-messages/install/motion_capture_tracking_interfaces/include/motion_capture_tracking_interfaces/motion_capture_tracking_interfaces/msg/detail/named_pose__traits.hpp
[4.597s] -- Symlinking: /home/bajdus/Desktop/complete-velocity-messages/install/motion_capture_tracking_interfaces/include/motion_capture_tracking_interfaces/motion_capture_tracking_interfaces/msg/detail/named_pose__type_support.hpp
[4.605s] -- Symlinking: /home/bajdus/Desktop/complete-velocity-messages/install/motion_capture_tracking_interfaces/include/motion_capture_tracking_interfaces/motion_capture_tracking_interfaces/msg/detail/named_pose_array__builder.hpp
[4.612s] -- Symlinking: /home/bajdus/Desktop/complete-velocity-messages/install/motion_capture_tracking_interfaces/include/motion_capture_tracking_interfaces/motion_capture_tracking_interfaces/msg/detail/named_pose_array__struct.hpp
[4.617s] -- Symlinking: /home/bajdus/Desktop/complete-velocity-messages/install/motion_capture_tracking_interfaces/include/motion_capture_tracking_interfaces/motion_capture_tracking_interfaces/msg/detail/named_pose_array__traits.hpp
[4.625s] -- Symlinking: /home/bajdus/Desktop/complete-velocity-messages/install/motion_capture_tracking_interfaces/include/motion_capture_tracking_interfaces/motion_capture_tracking_interfaces/msg/detail/named_pose_array__type_support.hpp
[4.632s] -- Symlinking: /home/bajdus/Desktop/complete-velocity-messages/install/motion_capture_tracking_interfaces/include/motion_capture_tracking_interfaces/motion_capture_tracking_interfaces/msg/detail/target_position__builder.hpp
[4.637s] -- Symlinking: /home/bajdus/Desktop/complete-velocity-messages/install/motion_capture_tracking_interfaces/include/motion_capture_tracking_interfaces/motion_capture_tracking_interfaces/msg/detail/target_position__struct.hpp
[4.646s] -- Symlinking: /home/bajdus/Desktop/complete-velocity-messages/install/motion_capture_tracking_interfaces/include/motion_capture_tracking_interfaces/motion_capture_tracking_interfaces/msg/detail/target_position__traits.hpp
[4.653s] -- Symlinking: /home/bajdus/Desktop/complete-velocity-messages/install/motion_capture_tracking_interfaces/include/motion_capture_tracking_interfaces/motion_capture_tracking_interfaces/msg/detail/target_position__type_support.hpp
[4.661s] -- Symlinking: /home/bajdus/Desktop/complete-velocity-messages/install/motion_capture_tracking_interfaces/include/motion_capture_tracking_interfaces/motion_capture_tracking_interfaces/msg/detail/target_position_array__builder.hpp
[4.668s] -- Symlinking: /home/bajdus/Desktop/complete-velocity-messages/install/motion_capture_tracking_interfaces/include/motion_capture_tracking_interfaces/motion_capture_tracking_interfaces/msg/detail/target_position_array__struct.hpp
[4.674s] -- Symlinking: /home/bajdus/Desktop/complete-velocity-messages/install/motion_capture_tracking_interfaces/include/motion_capture_tracking_interfaces/motion_capture_tracking_interfaces/msg/detail/target_position_array__traits.hpp
[4.681s] -- Symlinking: /home/bajdus/Desktop/complete-velocity-messages/install/motion_capture_tracking_interfaces/include/motion_capture_tracking_interfaces/motion_capture_tracking_interfaces/msg/detail/target_position_array__type_support.hpp
[4.689s] -- Symlinking: /home/bajdus/Desktop/complete-velocity-messages/install/motion_capture_tracking_interfaces/include/motion_capture_tracking_interfaces/motion_capture_tracking_interfaces/msg/named_pose.hpp
[4.695s] -- Symlinking: /home/bajdus/Desktop/complete-velocity-messages/install/motion_capture_tracking_interfaces/include/motion_capture_tracking_interfaces/motion_capture_tracking_interfaces/msg/named_pose_array.hpp
[4.700s] -- Symlinking: /home/bajdus/Desktop/complete-velocity-messages/install/motion_capture_tracking_interfaces/include/motion_capture_tracking_interfaces/motion_capture_tracking_interfaces/msg/rosidl_generator_cpp__visibility_control.hpp
[4.707s] -- Symlinking: /home/bajdus/Desktop/complete-velocity-messages/install/motion_capture_tracking_interfaces/include/motion_capture_tracking_interfaces/motion_capture_tracking_interfaces/msg/target_position.hpp
[4.712s] -- Symlinking: /home/bajdus/Desktop/complete-velocity-messages/install/motion_capture_tracking_interfaces/include/motion_capture_tracking_interfaces/motion_capture_tracking_interfaces/msg/target_position_array.hpp
[4.718s] -- Symlinking: /home/bajdus/Desktop/complete-velocity-messages/install/motion_capture_tracking_interfaces/include/motion_capture_tracking_interfaces/motion_capture_tracking_interfaces/msg/detail/named_pose__rosidl_typesupport_fastrtps_cpp.hpp
[4.724s] -- Symlinking: /home/bajdus/Desktop/complete-velocity-messages/install/motion_capture_tracking_interfaces/include/motion_capture_tracking_interfaces/motion_capture_tracking_interfaces/msg/detail/named_pose_array__rosidl_typesupport_fastrtps_cpp.hpp
[4.733s] -- Symlinking: /home/bajdus/Desktop/complete-velocity-messages/install/motion_capture_tracking_interfaces/include/motion_capture_tracking_interfaces/motion_capture_tracking_interfaces/msg/detail/target_position__rosidl_typesupport_fastrtps_cpp.hpp
[4.738s] -- Symlinking: /home/bajdus/Desktop/complete-velocity-messages/install/motion_capture_tracking_interfaces/include/motion_capture_tracking_interfaces/motion_capture_tracking_interfaces/msg/detail/target_position_array__rosidl_typesupport_fastrtps_cpp.hpp
[4.744s] -- Symlinking: /home/bajdus/Desktop/complete-velocity-messages/install/motion_capture_tracking_interfaces/include/motion_capture_tracking_interfaces/motion_capture_tracking_interfaces/msg/rosidl_typesupport_fastrtps_cpp__visibility_control.h
[4.752s] -- Symlinking: /home/bajdus/Desktop/complete-velocity-messages/install/motion_capture_tracking_interfaces/include/motion_capture_tracking_interfaces/motion_capture_tracking_interfaces/msg/detail/named_pose__rosidl_typesupport_introspection_c.h
[4.758s] -- Symlinking: /home/bajdus/Desktop/complete-velocity-messages/install/motion_capture_tracking_interfaces/include/motion_capture_tracking_interfaces/motion_capture_tracking_interfaces/msg/detail/named_pose_array__rosidl_typesupport_introspection_c.h
[4.766s] -- Symlinking: /home/bajdus/Desktop/complete-velocity-messages/install/motion_capture_tracking_interfaces/include/motion_capture_tracking_interfaces/motion_capture_tracking_interfaces/msg/detail/target_position__rosidl_typesupport_introspection_c.h
[4.771s] -- Symlinking: /home/bajdus/Desktop/complete-velocity-messages/install/motion_capture_tracking_interfaces/include/motion_capture_tracking_interfaces/motion_capture_tracking_interfaces/msg/detail/target_position_array__rosidl_typesupport_introspection_c.h
[4.778s] -- Symlinking: /home/bajdus/Desktop/complete-velocity-messages/install/motion_capture_tracking_interfaces/include/motion_capture_tracking_interfaces/motion_capture_tracking_interfaces/msg/rosidl_typesupport_introspection_c__visibility_control.h
[4.784s] -- Symlinking: /home/bajdus/Desktop/complete-velocity-messages/install/motion_capture_tracking_interfaces/include/motion_capture_tracking_interfaces/motion_capture_tracking_interfaces/msg/detail/named_pose__rosidl_typesupport_introspection_cpp.hpp
[4.791s] -- Symlinking: /home/bajdus/Desktop/complete-velocity-messages/install/motion_capture_tracking_interfaces/include/motion_capture_tracking_interfaces/motion_capture_tracking_interfaces/msg/detail/named_pose_array__rosidl_typesupport_introspection_cpp.hpp
[4.798s] -- Symlinking: /home/bajdus/Desktop/complete-velocity-messages/install/motion_capture_tracking_interfaces/include/motion_capture_tracking_interfaces/motion_capture_tracking_interfaces/msg/detail/target_position__rosidl_typesupport_introspection_cpp.hpp
[4.806s] -- Symlinking: /home/bajdus/Desktop/complete-velocity-messages/install/motion_capture_tracking_interfaces/include/motion_capture_tracking_interfaces/motion_capture_tracking_interfaces/msg/detail/target_position_array__rosidl_typesupport_introspection_cpp.hpp
[4.811s] -- Symlinking: /home/bajdus/Desktop/complete-velocity-messages/install/motion_capture_tracking_interfaces/share/motion_capture_tracking_interfaces/environment/pythonpath.sh
[4.818s] -- Symlinking: /home/bajdus/Desktop/complete-velocity-messages/install/motion_capture_tracking_interfaces/share/motion_capture_tracking_interfaces/environment/pythonpath.dsv
[4.824s] -- Symlinking: /home/bajdus/Desktop/complete-velocity-messages/install/motion_capture_tracking_interfaces/lib/python3.12/site-packages/motion_capture_tracking_interfaces-1.0.5-py3.12.egg-info/PKG-INFO
[4.829s] -- Symlinking: /home/bajdus/Desktop/complete-velocity-messages/install/motion_capture_tracking_interfaces/lib/python3.12/site-packages/motion_capture_tracking_interfaces-1.0.5-py3.12.egg-info/SOURCES.txt
[4.835s] -- Symlinking: /home/bajdus/Desktop/complete-velocity-messages/install/motion_capture_tracking_interfaces/lib/python3.12/site-packages/motion_capture_tracking_interfaces-1.0.5-py3.12.egg-info/dependency_links.txt
[4.840s] -- Symlinking: /home/bajdus/Desktop/complete-velocity-messages/install/motion_capture_tracking_interfaces/lib/python3.12/site-packages/motion_capture_tracking_interfaces-1.0.5-py3.12.egg-info/top_level.txt
[4.848s] -- Symlinking: /home/bajdus/Desktop/complete-velocity-messages/install/motion_capture_tracking_interfaces/lib/python3.12/site-packages/motion_capture_tracking_interfaces/__init__.py
[4.854s] -- Symlinking: /home/bajdus/Desktop/complete-velocity-messages/install/motion_capture_tracking_interfaces/lib/python3.12/site-packages/motion_capture_tracking_interfaces/_motion_capture_tracking_interfaces_s.ep.rosidl_typesupport_c.c
[4.862s] -- Symlinking: /home/bajdus/Desktop/complete-velocity-messages/install/motion_capture_tracking_interfaces/lib/python3.12/site-packages/motion_capture_tracking_interfaces/_motion_capture_tracking_interfaces_s.ep.rosidl_typesupport_fastrtps_c.c
[4.868s] -- Symlinking: /home/bajdus/Desktop/complete-velocity-messages/install/motion_capture_tracking_interfaces/lib/python3.12/site-packages/motion_capture_tracking_interfaces/_motion_capture_tracking_interfaces_s.ep.rosidl_typesupport_introspection_c.c
[4.877s] -- Symlinking: /home/bajdus/Desktop/complete-velocity-messages/install/motion_capture_tracking_interfaces/lib/python3.12/site-packages/motion_capture_tracking_interfaces/motion_capture_tracking_interfaces_s__rosidl_typesupport_c.so
[4.882s] -- Symlinking: /home/bajdus/Desktop/complete-velocity-messages/install/motion_capture_tracking_interfaces/lib/python3.12/site-packages/motion_capture_tracking_interfaces/motion_capture_tracking_interfaces_s__rosidl_typesupport_fastrtps_c.so
[4.891s] -- Symlinking: /home/bajdus/Desktop/complete-velocity-messages/install/motion_capture_tracking_interfaces/lib/python3.12/site-packages/motion_capture_tracking_interfaces/motion_capture_tracking_interfaces_s__rosidl_typesupport_introspection_c.so
[4.897s] -- Symlinking: /home/bajdus/Desktop/complete-velocity-messages/install/motion_capture_tracking_interfaces/lib/python3.12/site-packages/motion_capture_tracking_interfaces/msg/__init__.py
[4.905s] -- Symlinking: /home/bajdus/Desktop/complete-velocity-messages/install/motion_capture_tracking_interfaces/lib/python3.12/site-packages/motion_capture_tracking_interfaces/msg/_named_pose.py
[4.914s] -- Symlinking: /home/bajdus/Desktop/complete-velocity-messages/install/motion_capture_tracking_interfaces/lib/python3.12/site-packages/motion_capture_tracking_interfaces/msg/_named_pose_array.py
[4.919s] -- Symlinking: /home/bajdus/Desktop/complete-velocity-messages/install/motion_capture_tracking_interfaces/lib/python3.12/site-packages/motion_capture_tracking_interfaces/msg/_named_pose_array_s.c
[4.924s] -- Symlinking: /home/bajdus/Desktop/complete-velocity-messages/install/motion_capture_tracking_interfaces/lib/python3.12/site-packages/motion_capture_tracking_interfaces/msg/_named_pose_s.c
[4.933s] -- Symlinking: /home/bajdus/Desktop/complete-velocity-messages/install/motion_capture_tracking_interfaces/lib/python3.12/site-packages/motion_capture_tracking_interfaces/msg/_target_position.py
[4.938s] -- Symlinking: /home/bajdus/Desktop/complete-velocity-messages/install/motion_capture_tracking_interfaces/lib/python3.12/site-packages/motion_capture_tracking_interfaces/msg/_target_position_array.py
[4.944s] -- Symlinking: /home/bajdus/Desktop/complete-velocity-messages/install/motion_capture_tracking_interfaces/lib/python3.12/site-packages/motion_capture_tracking_interfaces/msg/_target_position_array_s.c
[4.950s] -- Symlinking: /home/bajdus/Desktop/complete-velocity-messages/install/motion_capture_tracking_interfaces/lib/python3.12/site-packages/motion_capture_tracking_interfaces/msg/_target_position_s.c
[4.956s] -- Up-to-date symlink: /home/bajdus/Desktop/complete-velocity-messages/install/motion_capture_tracking_interfaces/lib/python3.12/site-packages/motion_capture_tracking_interfaces/motion_capture_tracking_interfaces_s__rosidl_typesupport_fastrtps_c.so
[4.956s] -- Up-to-date symlink: /home/bajdus/Desktop/complete-velocity-messages/install/motion_capture_tracking_interfaces/lib/python3.12/site-packages/motion_capture_tracking_interfaces/motion_capture_tracking_interfaces_s__rosidl_typesupport_introspection_c.so
[4.956s] -- Up-to-date symlink: /home/bajdus/Desktop/complete-velocity-messages/install/motion_capture_tracking_interfaces/lib/python3.12/site-packages/motion_capture_tracking_interfaces/motion_capture_tracking_interfaces_s__rosidl_typesupport_c.so
[4.957s] -- Symlinking: /home/bajdus/Desktop/complete-velocity-messages/install/motion_capture_tracking_interfaces/share/motion_capture_tracking_interfaces/msg/NamedPose.idl
[4.963s] -- Symlinking: /home/bajdus/Desktop/complete-velocity-messages/install/motion_capture_tracking_interfaces/share/motion_capture_tracking_interfaces/msg/NamedPoseArray.idl
[4.969s] -- Symlinking: /home/bajdus/Desktop/complete-velocity-messages/install/motion_capture_tracking_interfaces/share/motion_capture_tracking_interfaces/msg/TargetPosition.idl
[4.977s] -- Symlinking: /home/bajdus/Desktop/complete-velocity-messages/install/motion_capture_tracking_interfaces/share/motion_capture_tracking_interfaces/msg/TargetPositionArray.idl
[4.983s] -- Symlinking: /home/bajdus/Desktop/complete-velocity-messages/install/motion_capture_tracking_interfaces/share/motion_capture_tracking_interfaces/msg/NamedPose.msg
[4.989s] -- Symlinking: /home/bajdus/Desktop/complete-velocity-messages/install/motion_capture_tracking_interfaces/share/motion_capture_tracking_interfaces/msg/NamedPoseArray.msg
[4.994s] -- Symlinking: /home/bajdus/Desktop/complete-velocity-messages/install/motion_capture_tracking_interfaces/share/motion_capture_tracking_interfaces/msg/TargetPosition.msg
[5.001s] -- Symlinking: /home/bajdus/Desktop/complete-velocity-messages/install/motion_capture_tracking_interfaces/share/motion_capture_tracking_interfaces/msg/TargetPositionArray.msg
[5.009s] -- Symlinking: /home/bajdus/Desktop/complete-velocity-messages/install/motion_capture_tracking_interfaces/share/ament_index/resource_index/package_run_dependencies/motion_capture_tracking_interfaces
[5.017s] -- Symlinking: /home/bajdus/Desktop/complete-velocity-messages/install/motion_capture_tracking_interfaces/share/ament_index/resource_index/parent_prefix_path/motion_capture_tracking_interfaces
[5.023s] -- Symlinking: /home/bajdus/Desktop/complete-velocity-messages/install/motion_capture_tracking_interfaces/share/motion_capture_tracking_interfaces/environment/ament_prefix_path.sh
[5.028s] -- Symlinking: /home/bajdus/Desktop/complete-velocity-messages/install/motion_capture_tracking_interfaces/share/motion_capture_tracking_interfaces/environment/ament_prefix_path.dsv
[5.034s] -- Symlinking: /home/bajdus/Desktop/complete-velocity-messages/install/motion_capture_tracking_interfaces/share/motion_capture_tracking_interfaces/environment/path.sh
[5.041s] -- Symlinking: /home/bajdus/Desktop/complete-velocity-messages/install/motion_capture_tracking_interfaces/share/motion_capture_tracking_interfaces/environment/path.dsv
[5.049s] -- Symlinking: /home/bajdus/Desktop/complete-velocity-messages/install/motion_capture_tracking_interfaces/share/motion_capture_tracking_interfaces/local_setup.bash
[5.055s] -- Symlinking: /home/bajdus/Desktop/complete-velocity-messages/install/motion_capture_tracking_interfaces/share/motion_capture_tracking_interfaces/local_setup.sh
[5.063s] -- Symlinking: /home/bajdus/Desktop/complete-velocity-messages/install/motion_capture_tracking_interfaces/share/motion_capture_tracking_interfaces/local_setup.zsh
[5.070s] -- Symlinking: /home/bajdus/Desktop/complete-velocity-messages/install/motion_capture_tracking_interfaces/share/motion_capture_tracking_interfaces/local_setup.dsv
[5.075s] -- Symlinking: /home/bajdus/Desktop/complete-velocity-messages/install/motion_capture_tracking_interfaces/share/motion_capture_tracking_interfaces/package.dsv
[5.083s] -- Symlinking: /home/bajdus/Desktop/complete-velocity-messages/install/motion_capture_tracking_interfaces/share/ament_index/resource_index/packages/motion_capture_tracking_interfaces
[5.088s] -- Symlinking: /home/bajdus/Desktop/complete-velocity-messages/install/motion_capture_tracking_interfaces/share/motion_capture_tracking_interfaces/cmake/rosidl_cmake-extras.cmake
[5.093s] -- Symlinking: /home/bajdus/Desktop/complete-velocity-messages/install/motion_capture_tracking_interfaces/share/motion_capture_tracking_interfaces/cmake/ament_cmake_export_dependencies-extras.cmake
[5.098s] -- Symlinking: /home/bajdus/Desktop/complete-velocity-messages/install/motion_capture_tracking_interfaces/share/motion_capture_tracking_interfaces/cmake/ament_cmake_export_include_directories-extras.cmake
[5.104s] -- Symlinking: /home/bajdus/Desktop/complete-velocity-messages/install/motion_capture_tracking_interfaces/share/motion_capture_tracking_interfaces/cmake/ament_cmake_export_libraries-extras.cmake
[5.111s] -- Symlinking: /home/bajdus/Desktop/complete-velocity-messages/install/motion_capture_tracking_interfaces/share/motion_capture_tracking_interfaces/cmake/ament_cmake_export_targets-extras.cmake
[5.117s] -- Symlinking: /home/bajdus/Desktop/complete-velocity-messages/install/motion_capture_tracking_interfaces/share/motion_capture_tracking_interfaces/cmake/rosidl_cmake_export_typesupport_targets-extras.cmake
[5.123s] -- Symlinking: /home/bajdus/Desktop/complete-velocity-messages/install/motion_capture_tracking_interfaces/share/motion_capture_tracking_interfaces/cmake/rosidl_cmake_export_typesupport_libraries-extras.cmake
[5.131s] -- Symlinking: /home/bajdus/Desktop/complete-velocity-messages/install/motion_capture_tracking_interfaces/share/motion_capture_tracking_interfaces/cmake/motion_capture_tracking_interfacesConfig.cmake
[5.136s] -- Symlinking: /home/bajdus/Desktop/complete-velocity-messages/install/motion_capture_tracking_interfaces/share/motion_capture_tracking_interfaces/cmake/motion_capture_tracking_interfacesConfig-version.cmake
[5.143s] -- Symlinking: /home/bajdus/Desktop/complete-velocity-messages/install/motion_capture_tracking_interfaces/share/motion_capture_tracking_interfaces/package.xml
[5.148s] -- Installing: /home/bajdus/Desktop/complete-velocity-messages/install/motion_capture_tracking_interfaces/lib/libmotion_capture_tracking_interfaces__rosidl_generator_c.so
[5.149s] -- Set non-toolchain portion of runtime path of "/home/bajdus/Desktop/complete-velocity-messages/install/motion_capture_tracking_interfaces/lib/libmotion_capture_tracking_interfaces__rosidl_generator_c.so" to ""
[5.149s] -- Installing: /home/bajdus/Desktop/complete-velocity-messages/install/motion_capture_tracking_interfaces/lib/libmotion_capture_tracking_interfaces__rosidl_typesupport_fastrtps_c.so
[5.149s] -- Set non-toolchain portion of runtime path of "/home/bajdus/Desktop/complete-velocity-messages/install/motion_capture_tracking_interfaces/lib/libmotion_capture_tracking_interfaces__rosidl_typesupport_fastrtps_c.so" to ""
[5.149s] -- Installing: /home/bajdus/Desktop/complete-velocity-messages/install/motion_capture_tracking_interfaces/lib/libmotion_capture_tracking_interfaces__rosidl_typesupport_fastrtps_cpp.so
[5.149s] -- Set non-toolchain portion of runtime path of "/home/bajdus/Desktop/complete-velocity-messages/install/motion_capture_tracking_interfaces/lib/libmotion_capture_tracking_interfaces__rosidl_typesupport_fastrtps_cpp.so" to ""
[5.149s] -- Installing: /home/bajdus/Desktop/complete-velocity-messages/install/motion_capture_tracking_interfaces/lib/libmotion_capture_tracking_interfaces__rosidl_typesupport_introspection_c.so
[5.149s] -- Set non-toolchain portion of runtime path of "/home/bajdus/Desktop/complete-velocity-messages/install/motion_capture_tracking_interfaces/lib/libmotion_capture_tracking_interfaces__rosidl_typesupport_introspection_c.so" to ""
[5.149s] -- Installing: /home/bajdus/Desktop/complete-velocity-messages/install/motion_capture_tracking_interfaces/lib/libmotion_capture_tracking_interfaces__rosidl_typesupport_c.so
[5.150s] -- Set non-toolchain portion of runtime path of "/home/bajdus/Desktop/complete-velocity-messages/install/motion_capture_tracking_interfaces/lib/libmotion_capture_tracking_interfaces__rosidl_typesupport_c.so" to ""
[5.150s] -- Installing: /home/bajdus/Desktop/complete-velocity-messages/install/motion_capture_tracking_interfaces/lib/libmotion_capture_tracking_interfaces__rosidl_typesupport_introspection_cpp.so
[5.150s] -- Set non-toolchain portion of runtime path of "/home/bajdus/Desktop/complete-velocity-messages/install/motion_capture_tracking_interfaces/lib/libmotion_capture_tracking_interfaces__rosidl_typesupport_introspection_cpp.so" to ""
[5.150s] -- Installing: /home/bajdus/Desktop/complete-velocity-messages/install/motion_capture_tracking_interfaces/lib/libmotion_capture_tracking_interfaces__rosidl_typesupport_cpp.so
[5.150s] -- Set non-toolchain portion of runtime path of "/home/bajdus/Desktop/complete-velocity-messages/install/motion_capture_tracking_interfaces/lib/libmotion_capture_tracking_interfaces__rosidl_typesupport_cpp.so" to ""
[5.187s] Listing '/home/bajdus/Desktop/complete-velocity-messages/install/motion_capture_tracking_interfaces/lib/python3.12/site-packages/motion_capture_tracking_interfaces'...
[5.187s] Compiling '/home/bajdus/Desktop/complete-velocity-messages/install/motion_capture_tracking_interfaces/lib/python3.12/site-packages/motion_capture_tracking_interfaces/__init__.py'...
[5.187s] Listing '/home/bajdus/Desktop/complete-velocity-messages/install/motion_capture_tracking_interfaces/lib/python3.12/site-packages/motion_capture_tracking_interfaces/msg'...
[5.187s] Compiling '/home/bajdus/Desktop/complete-velocity-messages/install/motion_capture_tracking_interfaces/lib/python3.12/site-packages/motion_capture_tracking_interfaces/msg/__init__.py'...
[5.187s] Compiling '/home/bajdus/Desktop/complete-velocity-messages/install/motion_capture_tracking_interfaces/lib/python3.12/site-packages/motion_capture_tracking_interfaces/msg/_named_pose.py'...
[5.187s] Compiling '/home/bajdus/Desktop/complete-velocity-messages/install/motion_capture_tracking_interfaces/lib/python3.12/site-packages/motion_capture_tracking_interfaces/msg/_named_pose_array.py'...
[5.187s] Compiling '/home/bajdus/Desktop/complete-velocity-messages/install/motion_capture_tracking_interfaces/lib/python3.12/site-packages/motion_capture_tracking_interfaces/msg/_target_position.py'...
[5.187s] Compiling '/home/bajdus/Desktop/complete-velocity-messages/install/motion_capture_tracking_interfaces/lib/python3.12/site-packages/motion_capture_tracking_interfaces/msg/_target_position_array.py'...
[5.190s] -- Installing: /home/bajdus/Desktop/complete-velocity-messages/install/motion_capture_tracking_interfaces/lib/libmotion_capture_tracking_interfaces__rosidl_generator_py.so
[5.191s] -- Set non-toolchain portion of runtime path of "/home/bajdus/Desktop/complete-velocity-messages/install/motion_capture_tracking_interfaces/lib/libmotion_capture_tracking_interfaces__rosidl_generator_py.so" to ""
[5.191s] -- Installing: /home/bajdus/Desktop/complete-velocity-messages/install/motion_capture_tracking_interfaces/share/motion_capture_tracking_interfaces/cmake/export_motion_capture_tracking_interfaces__rosidl_generator_cExport.cmake
[5.191s] -- Installing: /home/bajdus/Desktop/complete-velocity-messages/install/motion_capture_tracking_interfaces/share/motion_capture_tracking_interfaces/cmake/export_motion_capture_tracking_interfaces__rosidl_generator_cExport-noconfig.cmake
[5.191s] -- Installing: /home/bajdus/Desktop/complete-velocity-messages/install/motion_capture_tracking_interfaces/share/motion_capture_tracking_interfaces/cmake/export_motion_capture_tracking_interfaces__rosidl_typesupport_fastrtps_cExport.cmake
[5.192s] -- Installing: /home/bajdus/Desktop/complete-velocity-messages/install/motion_capture_tracking_interfaces/share/motion_capture_tracking_interfaces/cmake/export_motion_capture_tracking_interfaces__rosidl_typesupport_fastrtps_cExport-noconfig.cmake
[5.192s] -- Installing: /home/bajdus/Desktop/complete-velocity-messages/install/motion_capture_tracking_interfaces/share/motion_capture_tracking_interfaces/cmake/export_motion_capture_tracking_interfaces__rosidl_generator_cppExport.cmake
[5.192s] -- Installing: /home/bajdus/Desktop/complete-velocity-messages/install/motion_capture_tracking_interfaces/share/motion_capture_tracking_interfaces/cmake/export_motion_capture_tracking_interfaces__rosidl_typesupport_fastrtps_cppExport.cmake
[5.192s] -- Installing: /home/bajdus/Desktop/complete-velocity-messages/install/motion_capture_tracking_interfaces/share/motion_capture_tracking_interfaces/cmake/export_motion_capture_tracking_interfaces__rosidl_typesupport_fastrtps_cppExport-noconfig.cmake
[5.192s] -- Installing: /home/bajdus/Desktop/complete-velocity-messages/install/motion_capture_tracking_interfaces/share/motion_capture_tracking_interfaces/cmake/motion_capture_tracking_interfaces__rosidl_typesupport_introspection_cExport.cmake
[5.192s] -- Installing: /home/bajdus/Desktop/complete-velocity-messages/install/motion_capture_tracking_interfaces/share/motion_capture_tracking_interfaces/cmake/motion_capture_tracking_interfaces__rosidl_typesupport_introspection_cExport-noconfig.cmake
[5.192s] -- Installing: /home/bajdus/Desktop/complete-velocity-messages/install/motion_capture_tracking_interfaces/share/motion_capture_tracking_interfaces/cmake/motion_capture_tracking_interfaces__rosidl_typesupport_cExport.cmake
[5.192s] -- Installing: /home/bajdus/Desktop/complete-velocity-messages/install/motion_capture_tracking_interfaces/share/motion_capture_tracking_interfaces/cmake/motion_capture_tracking_interfaces__rosidl_typesupport_cExport-noconfig.cmake
[5.192s] -- Installing: /home/bajdus/Desktop/complete-velocity-messages/install/motion_capture_tracking_interfaces/share/motion_capture_tracking_interfaces/cmake/motion_capture_tracking_interfaces__rosidl_typesupport_introspection_cppExport.cmake
[5.192s] -- Installing: /home/bajdus/Desktop/complete-velocity-messages/install/motion_capture_tracking_interfaces/share/motion_capture_tracking_interfaces/cmake/motion_capture_tracking_interfaces__rosidl_typesupport_introspection_cppExport-noconfig.cmake
[5.193s] -- Installing: /home/bajdus/Desktop/complete-velocity-messages/install/motion_capture_tracking_interfaces/share/motion_capture_tracking_interfaces/cmake/motion_capture_tracking_interfaces__rosidl_typesupport_cppExport.cmake
[5.193s] -- Installing: /home/bajdus/Desktop/complete-velocity-messages/install/motion_capture_tracking_interfaces/share/motion_capture_tracking_interfaces/cmake/motion_capture_tracking_interfaces__rosidl_typesupport_cppExport-noconfig.cmake
[5.193s] -- Installing: /home/bajdus/Desktop/complete-velocity-messages/install/motion_capture_tracking_interfaces/share/motion_capture_tracking_interfaces/cmake/export_motion_capture_tracking_interfaces__rosidl_generator_pyExport.cmake
[5.193s] -- Installing: /home/bajdus/Desktop/complete-velocity-messages/install/motion_capture_tracking_interfaces/share/motion_capture_tracking_interfaces/cmake/export_motion_capture_tracking_interfaces__rosidl_generator_pyExport-noconfig.cmake
[5.196s] Invoked command in '/home/bajdus/Desktop/complete-velocity-messages/build/motion_capture_tracking_interfaces' returned '0': CMAKE_PREFIX_PATH=${CMAKE_PREFIX_PATH}:/opt/ros/jazzy DEBUGINFOD_URLS=https://debuginfod.ubuntu.com /usr/bin/cmake --install /home/bajdus/Desktop/complete-velocity-messages/build/motion_capture_tracking_interfaces
