running develop
running egg_info
creating crazyflie_control.egg-info
writing crazyflie_control.egg-info/PKG-INFO
writing dependency_links to crazyflie_control.egg-info/dependency_links.txt
writing entry points to crazyflie_control.egg-info/entry_points.txt
writing requirements to crazyflie_control.egg-info/requires.txt
writing top-level names to crazyflie_control.egg-info/top_level.txt
writing manifest file 'crazyflie_control.egg-info/SOURCES.txt'
reading manifest file 'crazyflie_control.egg-info/SOURCES.txt'
writing manifest file 'crazyflie_control.egg-info/SOURCES.txt'
running build_ext
Creating /home/bajdus/Desktop/complete-velocity-messages/install/crazyflie_control/lib/python3.12/site-packages/crazyflie-control.egg-link (link to .)
Installing controller_node script to /home/bajdus/Desktop/complete-velocity-messages/install/crazyflie_control/lib/crazyflie_control

Installed /home/bajdus/Desktop/complete-velocity-messages/build/crazyflie_control
running symlink_data
creating /home/bajdus/Desktop/complete-velocity-messages/install/crazyflie_control/share/ament_index
creating /home/bajdus/Desktop/complete-velocity-messages/install/crazyflie_control/share/ament_index/resource_index
creating /home/bajdus/Desktop/complete-velocity-messages/install/crazyflie_control/share/ament_index/resource_index/packages
symbolically linking /home/bajdus/Desktop/complete-velocity-messages/build/crazyflie_control/resource/crazyflie_control -> /home/bajdus/Desktop/complete-velocity-messages/install/crazyflie_control/share/ament_index/resource_index/packages
symbolically linking /home/bajdus/Desktop/complete-velocity-messages/build/crazyflie_control/package.xml -> /home/bajdus/Desktop/complete-velocity-messages/install/crazyflie_control/share/crazyflie_control
creating /home/bajdus/Desktop/complete-velocity-messages/install/crazyflie_control/share/crazyflie_control/launch
symbolically linking /home/bajdus/Desktop/complete-velocity-messages/build/crazyflie_control/launch/mocap_and_controller.launch.py -> /home/bajdus/Desktop/complete-velocity-messages/install/crazyflie_control/share/crazyflie_control/launch
creating /home/bajdus/Desktop/complete-velocity-messages/install/crazyflie_control/share/crazyflie_control/config
symbolically linking /home/bajdus/Desktop/complete-velocity-messages/build/crazyflie_control/config/Config_Crazyflie_Simulation.yaml -> /home/bajdus/Desktop/complete-velocity-messages/install/crazyflie_control/share/crazyflie_control/config
symbolically linking /home/bajdus/Desktop/complete-velocity-messages/build/crazyflie_control/config/Config_MPC.yaml -> /home/bajdus/Desktop/complete-velocity-messages/install/crazyflie_control/share/crazyflie_control/config
symbolically linking /home/bajdus/Desktop/complete-velocity-messages/build/crazyflie_control/config/Config_CFT.yaml -> /home/bajdus/Desktop/complete-velocity-messages/install/crazyflie_control/share/crazyflie_control/config
