[0.597s] Invoking command in '/home/bajdus/Desktop/complete-velocity-messages/build/crazyflie_control': AMENT_PREFIX_PATH=/home/bajdus/Desktop/complete-velocity-messages/install/motion_capture_tracking_interfaces:${AMENT_PREFIX_PATH} CMAKE_PREFIX_PATH=/home/bajdus/Desktop/complete-velocity-messages/install/motion_capture_tracking_interfaces:${CMAKE_PREFIX_PATH} DEBUGINFOD_URLS=https://debuginfod.ubuntu.com LD_LIBRARY_PATH=/home/bajdus/Desktop/complete-velocity-messages/install/motion_capture_tracking_interfaces/lib:${LD_LIBRARY_PATH} PYTHONPATH=/home/bajdus/Desktop/complete-velocity-messages/build/crazyflie_control/prefix_override:/usr/lib/python3/dist-packages/colcon_core/task/python/colcon_distutils_commands:/home/bajdus/Desktop/complete-velocity-messages/install/crazyflie_control/lib/python3.12/site-packages:/home/bajdus/Desktop/complete-velocity-messages/install/motion_capture_tracking_interfaces/lib/python3.12/site-packages:${PYTHONPATH} /usr/bin/python3 -W ignore:setup.py install is deprecated -W ignore:easy_install command is deprecated setup.py develop --editable --build-directory /home/bajdus/Desktop/complete-velocity-messages/build/crazyflie_control/build --no-deps symlink_data
[0.795s] running develop
[0.908s] running egg_info
[0.908s] creating crazyflie_control.egg-info
[0.919s] writing crazyflie_control.egg-info/PKG-INFO
[0.919s] writing dependency_links to crazyflie_control.egg-info/dependency_links.txt
[0.919s] writing entry points to crazyflie_control.egg-info/entry_points.txt
[0.919s] writing requirements to crazyflie_control.egg-info/requires.txt
[0.919s] writing top-level names to crazyflie_control.egg-info/top_level.txt
[0.919s] writing manifest file 'crazyflie_control.egg-info/SOURCES.txt'
[0.941s] reading manifest file 'crazyflie_control.egg-info/SOURCES.txt'
[0.941s] writing manifest file 'crazyflie_control.egg-info/SOURCES.txt'
[0.953s] running build_ext
[0.953s] Creating /home/bajdus/Desktop/complete-velocity-messages/install/crazyflie_control/lib/python3.12/site-packages/crazyflie-control.egg-link (link to .)
[0.953s] Installing controller_node script to /home/bajdus/Desktop/complete-velocity-messages/install/crazyflie_control/lib/crazyflie_control
[0.953s] 
[0.953s] Installed /home/bajdus/Desktop/complete-velocity-messages/build/crazyflie_control
[0.953s] running symlink_data
[0.954s] creating /home/bajdus/Desktop/complete-velocity-messages/install/crazyflie_control/share/ament_index
[0.954s] creating /home/bajdus/Desktop/complete-velocity-messages/install/crazyflie_control/share/ament_index/resource_index
[0.954s] creating /home/bajdus/Desktop/complete-velocity-messages/install/crazyflie_control/share/ament_index/resource_index/packages
[0.954s] symbolically linking /home/bajdus/Desktop/complete-velocity-messages/build/crazyflie_control/resource/crazyflie_control -> /home/bajdus/Desktop/complete-velocity-messages/install/crazyflie_control/share/ament_index/resource_index/packages
[0.954s] symbolically linking /home/bajdus/Desktop/complete-velocity-messages/build/crazyflie_control/package.xml -> /home/bajdus/Desktop/complete-velocity-messages/install/crazyflie_control/share/crazyflie_control
[0.954s] creating /home/bajdus/Desktop/complete-velocity-messages/install/crazyflie_control/share/crazyflie_control/launch
[0.954s] symbolically linking /home/bajdus/Desktop/complete-velocity-messages/build/crazyflie_control/launch/mocap_and_controller.launch.py -> /home/bajdus/Desktop/complete-velocity-messages/install/crazyflie_control/share/crazyflie_control/launch
[0.954s] creating /home/bajdus/Desktop/complete-velocity-messages/install/crazyflie_control/share/crazyflie_control/config
[0.954s] symbolically linking /home/bajdus/Desktop/complete-velocity-messages/build/crazyflie_control/config/Config_Crazyflie_Simulation.yaml -> /home/bajdus/Desktop/complete-velocity-messages/install/crazyflie_control/share/crazyflie_control/config
[0.954s] symbolically linking /home/bajdus/Desktop/complete-velocity-messages/build/crazyflie_control/config/Config_MPC.yaml -> /home/bajdus/Desktop/complete-velocity-messages/install/crazyflie_control/share/crazyflie_control/config
[0.954s] symbolically linking /home/bajdus/Desktop/complete-velocity-messages/build/crazyflie_control/config/Config_CFT.yaml -> /home/bajdus/Desktop/complete-velocity-messages/install/crazyflie_control/share/crazyflie_control/config
[0.974s] Invoked command in '/home/bajdus/Desktop/complete-velocity-messages/build/crazyflie_control' returned '0': AMENT_PREFIX_PATH=/home/bajdus/Desktop/complete-velocity-messages/install/motion_capture_tracking_interfaces:${AMENT_PREFIX_PATH} CMAKE_PREFIX_PATH=/home/bajdus/Desktop/complete-velocity-messages/install/motion_capture_tracking_interfaces:${CMAKE_PREFIX_PATH} DEBUGINFOD_URLS=https://debuginfod.ubuntu.com LD_LIBRARY_PATH=/home/bajdus/Desktop/complete-velocity-messages/install/motion_capture_tracking_interfaces/lib:${LD_LIBRARY_PATH} PYTHONPATH=/home/bajdus/Desktop/complete-velocity-messages/build/crazyflie_control/prefix_override:/usr/lib/python3/dist-packages/colcon_core/task/python/colcon_distutils_commands:/home/bajdus/Desktop/complete-velocity-messages/install/crazyflie_control/lib/python3.12/site-packages:/home/bajdus/Desktop/complete-velocity-messages/install/motion_capture_tracking_interfaces/lib/python3.12/site-packages:${PYTHONPATH} /usr/bin/python3 -W ignore:setup.py install is deprecated -W ignore:easy_install command is deprecated setup.py develop --editable --build-directory /home/bajdus/Desktop/complete-velocity-messages/build/crazyflie_control/build --no-deps symlink_data
