-- The C compiler identification is GNU 13.3.0
-- The CXX compiler identification is GNU 13.3.0
-- Detecting C compiler ABI info
-- Detecting C compiler ABI info - done
-- Check for working C compiler: /usr/bin/cc - skipped
-- Detecting C compile features
-- Detecting C compile features - done
-- Detecting CXX compiler ABI info
-- Detecting CXX compiler ABI info - done
-- Check for working CXX compiler: /usr/bin/c++ - skipped
-- Detecting CXX compile features
-- Detecting CXX compile features - done
-- Found ament_cmake: 2.5.3 (/opt/ros/jazzy/share/ament_cmake/cmake)
-- Found Python3: /usr/bin/python3 (found version "3.12.3") found components: Interpreter 
-- Override CMake install command with custom implementation using symlinks instead of copying resources
-- Found rclcpp: 28.1.6 (/opt/ros/jazzy/share/rclcpp/cmake)
-- Found rosidl_generator_c: 4.6.5 (/opt/ros/jazzy/share/rosidl_generator_c/cmake)
-- Found rosidl_generator_cpp: 4.6.5 (/opt/ros/jazzy/share/rosidl_generator_cpp/cmake)
-- Using all available rosidl_typesupport_c: rosidl_typesupport_fastrtps_c;rosidl_typesupport_introspection_c
-- Using all available rosidl_typesupport_cpp: rosidl_typesupport_fastrtps_cpp;rosidl_typesupport_introspection_cpp
-- Found rmw_implementation_cmake: 7.3.1 (/opt/ros/jazzy/share/rmw_implementation_cmake/cmake)
-- Found rmw_fastrtps_cpp: 8.4.1 (/opt/ros/jazzy/share/rmw_fastrtps_cpp/cmake)
-- Found OpenSSL: /usr/lib/x86_64-linux-gnu/libcrypto.so (found version "3.0.13")  
-- Found FastRTPS: /opt/ros/jazzy/include (Required is at least version "2.13") 
-- Using RMW implementation 'rmw_fastrtps_cpp' as default
-- Found tf2_ros: 0.36.8 (/opt/ros/jazzy/share/tf2_ros/cmake)
-- Found sensor_msgs: 5.3.5 (/opt/ros/jazzy/share/sensor_msgs/cmake)
-- Found motion_capture_tracking_interfaces: 1.0.5 (/home/bajdus/Desktop/complete-velocity-messages/ros_ws/install/motion_capture_tracking_interfaces/share/motion_capture_tracking_interfaces/cmake)
-- Found eigen3_cmake_module: 0.3.0 (/opt/ros/jazzy/share/eigen3_cmake_module/cmake)
-- Found Eigen3: TRUE (found version "3.4.0") 
-- Found Boost: /usr/lib/x86_64-linux-gnu/cmake/Boost-1.83.0/BoostConfig.cmake (found suitable version "1.83.0", minimum required is "1.65.0") found components: system filesystem iostreams serialization 
-- looking for PCL_COMMON
-- Found PCL_COMMON: /usr/lib/x86_64-linux-gnu/libpcl_common.so  
-- Found PCL: pcl_common;Boost::system;Boost::filesystem;Boost::iostreams;Boost::serialization  
-- Found flann version 1.9.2
-- Found OpenMP_CXX: -fopenmp (found version "4.5") 
-- Found OpenMP: TRUE (found version "4.5") found components: CXX 
-- Performing Test CMAKE_HAVE_LIBC_PTHREAD
-- Performing Test CMAKE_HAVE_LIBC_PTHREAD - Success
-- Found Threads: TRUE  
-- Found GLEW: /usr/lib/x86_64-linux-gnu/libGLEW.so  
-- Found OpenGL: /usr/lib/x86_64-linux-gnu/libOpenGL.so  found components: OpenGL GLX 
-- Found MPI_C: /usr/lib/x86_64-linux-gnu/libmpi.so (found version "3.1") 
-- Found MPI: TRUE (found version "3.1") found components: C 
-- Found JsonCpp: /usr/lib/x86_64-linux-gnu/libjsoncpp.so (found suitable version "1.9.5", minimum required is "0.7.0") 
-- Found ZLIB: /usr/lib/x86_64-linux-gnu/libz.so (found version "1.3")  
-- Found PNG: /usr/lib/x86_64-linux-gnu/libpng.so (found version "1.6.43") 
-- Found Eigen3: /usr/include/eigen3 (found version "3.4.0") 
-- Found X11: /usr/include   
-- Looking for XOpenDisplay in /usr/lib/x86_64-linux-gnu/libX11.so;/usr/lib/x86_64-linux-gnu/libXext.so
-- Looking for XOpenDisplay in /usr/lib/x86_64-linux-gnu/libX11.so;/usr/lib/x86_64-linux-gnu/libXext.so - found
-- Looking for gethostbyname
-- Looking for gethostbyname - found
-- Looking for connect
-- Looking for connect - found
-- Looking for remove
-- Looking for remove - found
-- Looking for shmat
-- Looking for shmat - found
-- Looking for IceConnectionNumber in ICE
-- Looking for IceConnectionNumber in ICE - found
-- Found EXPAT: /usr/lib/x86_64-linux-gnu/libexpat.so (found version "2.6.1") 
-- Found double-conversion: /usr/lib/x86_64-linux-gnu/libdouble-conversion.so  
-- Found LZ4: /usr/lib/x86_64-linux-gnu/liblz4.so (found version "1.9.4") 
-- Found LZMA: /usr/lib/x86_64-linux-gnu/liblzma.so (found version "5.4.5") 
-- Found JPEG: /usr/lib/x86_64-linux-gnu/libjpeg.so (found version "80") 
-- Found TIFF: /usr/lib/x86_64-linux-gnu/libtiff.so (found version "4.5.1")  
-- Found Freetype: /usr/lib/x86_64-linux-gnu/libfreetype.so (found version "2.13.2") 
-- Found utf8cpp: /usr/include/utf8cpp  
-- Checking for module 'libusb-1.0'
--   Found libusb-1.0, version 1.0.27
-- Found libusb: /usr/lib/x86_64-linux-gnu/libusb-1.0.so  
-- Found OpenNI: /usr/lib/libOpenNI.so;libusb::libusb (found version "1.5.4.0") 
-- OpenNI found (version: 1.5.4.0, include: /usr/include/ni, lib: /usr/lib/libOpenNI.so;libusb::libusb)
-- Found OpenNI2: /usr/lib/x86_64-linux-gnu/libOpenNI2.so;libusb::libusb (found version "2.2.0.33") 
-- OpenNI2 found (version: 2.2.0.33, include: /usr/include/openni2, lib: /usr/lib/x86_64-linux-gnu/libOpenNI2.so;libusb::libusb)
-- Found Pcap: /usr/lib/x86_64-linux-gnu/libpcap.so  
-- OpenNI found (version: 1.5.4.0, include: /usr/include/ni, lib: /usr/lib/libOpenNI.so;libusb::libusb)
-- OpenNI2 found (version: 2.2.0.33, include: /usr/include/openni2, lib: /usr/lib/x86_64-linux-gnu/libOpenNI2.so;libusb::libusb)
-- Found Qhull version 8.0.2
-- OpenNI found (version: 1.5.4.0, include: /usr/include/ni, lib: /usr/lib/libOpenNI.so;libusb::libusb)
-- looking for PCL_KDTREE
-- Found PCL_KDTREE: /usr/lib/x86_64-linux-gnu/libpcl_kdtree.so  
-- looking for PCL_OCTREE
-- Found PCL_OCTREE: /usr/lib/x86_64-linux-gnu/libpcl_octree.so  
-- looking for PCL_SEARCH
-- Found PCL_SEARCH: /usr/lib/x86_64-linux-gnu/libpcl_search.so  
-- looking for PCL_SAMPLE_CONSENSUS
-- Found PCL_SAMPLE_CONSENSUS: /usr/lib/x86_64-linux-gnu/libpcl_sample_consensus.so  
-- looking for PCL_FILTERS
-- Found PCL_FILTERS: /usr/lib/x86_64-linux-gnu/libpcl_filters.so  
-- looking for PCL_2D
-- Found PCL_2D: /usr/include/pcl-1.14  
-- looking for PCL_GEOMETRY
-- Found PCL_GEOMETRY: /usr/include/pcl-1.14  
-- looking for PCL_IO
-- Found PCL_IO: /usr/lib/x86_64-linux-gnu/libpcl_io.so  
-- looking for PCL_FEATURES
-- Found PCL_FEATURES: /usr/lib/x86_64-linux-gnu/libpcl_features.so  
-- looking for PCL_ML
-- Found PCL_ML: /usr/lib/x86_64-linux-gnu/libpcl_ml.so  
-- looking for PCL_SEGMENTATION
-- Found PCL_SEGMENTATION: /usr/lib/x86_64-linux-gnu/libpcl_segmentation.so  
-- looking for PCL_VISUALIZATION
-- Found PCL_VISUALIZATION: /usr/lib/x86_64-linux-gnu/libpcl_visualization.so  
-- looking for PCL_SURFACE
-- Found PCL_SURFACE: /usr/lib/x86_64-linux-gnu/libpcl_surface.so  
-- looking for PCL_REGISTRATION
-- Found PCL_REGISTRATION: /usr/lib/x86_64-linux-gnu/libpcl_registration.so  
-- looking for PCL_KEYPOINTS
-- Found PCL_KEYPOINTS: /usr/lib/x86_64-linux-gnu/libpcl_keypoints.so  
-- looking for PCL_TRACKING
-- Found PCL_TRACKING: /usr/lib/x86_64-linux-gnu/libpcl_tracking.so  
-- looking for PCL_RECOGNITION
-- Found PCL_RECOGNITION: /usr/lib/x86_64-linux-gnu/libpcl_recognition.so  
-- looking for PCL_STEREO
-- Found PCL_STEREO: /usr/lib/x86_64-linux-gnu/libpcl_stereo.so  
-- looking for PCL_APPS
-- Found PCL_APPS: /usr/lib/x86_64-linux-gnu/libpcl_apps.so  
-- looking for PCL_IN_HAND_SCANNER
-- Found PCL_IN_HAND_SCANNER: /usr/include/pcl-1.14  
-- looking for PCL_MODELER
-- Found PCL_MODELER: /usr/include/pcl-1.14  
-- looking for PCL_POINT_CLOUD_EDITOR
-- Found PCL_POINT_CLOUD_EDITOR: /usr/include/pcl-1.14  
-- looking for PCL_OUTOFCORE
-- Found PCL_OUTOFCORE: /usr/lib/x86_64-linux-gnu/libpcl_outofcore.so  
-- looking for PCL_PEOPLE
-- Found PCL_PEOPLE: /usr/lib/x86_64-linux-gnu/libpcl_people.so  
-- Found PCL: pcl_common;pcl_kdtree;pcl_octree;pcl_search;pcl_sample_consensus;pcl_filters;pcl_io;pcl_features;pcl_ml;pcl_segmentation;pcl_visualization;pcl_surface;pcl_registration;pcl_keypoints;pcl_tracking;pcl_recognition;pcl_stereo;pcl_apps;pcl_outofcore;pcl_people;Boost::system;Boost::filesystem;Boost::iostreams;Boost::serialization;/usr/lib/libOpenNI.so;libusb::libusb;/usr/lib/x86_64-linux-gnu/libOpenNI2.so;libusb::libusb;VTK::ChartsCore;VTK::CommonColor;VTK::CommonComputationalGeometry;VTK::CommonCore;VTK::CommonDataModel;VTK::CommonExecutionModel;VTK::CommonMath;VTK::CommonMisc;VTK::CommonTransforms;VTK::FiltersCore;VTK::FiltersExtraction;VTK::FiltersGeneral;VTK::FiltersGeometry;VTK::FiltersModeling;VTK::FiltersSources;VTK::ImagingCore;VTK::ImagingSources;VTK::InteractionImage;VTK::InteractionStyle;VTK::InteractionWidgets;VTK::IOCore;VTK::IOGeometry;VTK::IOImage;VTK::IOLegacy;VTK::IOPLY;VTK::RenderingAnnotation;VTK::RenderingCore;VTK::RenderingContext2D;VTK::RenderingLOD;VTK::RenderingFreeType;VTK::ViewsCore;VTK::ViewsContext2D;VTK::RenderingOpenGL2;VTK::RenderingContextOpenGL2;VTK::GUISupportQt;FLANN::FLANN;QHULL::QHULL  
-- Found PkgConfig: /usr/bin/pkg-config (found version "1.8.1") 
-- Found Boost: /usr/lib/x86_64-linux-gnu/cmake/Boost-1.83.0/BoostConfig.cmake (found suitable version "1.83.0", minimum required is "1.58") found components: program_options 
-- Checking for module 'yaml-cpp'
--   Found yaml-cpp, version 0.8.0
-- Found Boost: /usr/lib/x86_64-linux-gnu/cmake/Boost-1.83.0/BoostConfig.cmake (found suitable version "1.83.0", minimum required is "1.5") found components: system 
-- Found Eigen3: TRUE (found version "3.4.0") 
-- Found Boost: /usr/lib/x86_64-linux-gnu/cmake/Boost-1.83.0/BoostConfig.cmake (found suitable version "1.83.0", minimum required is "1.5") found components: system thread 
-- Checking for module 'libusb-1.0'
--   Found libusb-1.0, version 1.0.27
-- Found Libusb1: /usr/lib/x86_64-linux-gnu/libusb-1.0.so  
-- NOTE: You have VRPN_USE_LOCAL_HIDAPI enabled, but VRPN_USE_HID disabled: HIDAPI will only be built if you enable HID support for VRPN
-- Found I2CDEV: /usr/include  
-- Looking for C++ include linux/joystick.h
-- Looking for C++ include linux/joystick.h - found
-- Looking for C++ include linux/input.h
-- Looking for C++ include linux/input.h - found
-- Found quatlib: quat  
-- Found Python3: /usr/bin/python3 (found version "3.12.3") found components: Interpreter Development Development.Module Development.Embed 
-- pybind11 v2.11.0 dev1
-- Performing Test HAS_FLTO
-- Performing Test HAS_FLTO - Success
-- Configuring done (5.0s)
-- Generating done (0.1s)
-- Build files have been written to: /home/bajdus/Desktop/complete-velocity-messages/ros_ws/build/motion_capture_tracking
[ 14%] [32mBuilding C object deps/libmotioncapture/deps/vrpn/quat/CMakeFiles/quat.dir/quat.c.o[0m
[ 14%] [32mBuilding CXX object deps/librigidbodytracker/CMakeFiles/librigidbodytracker.dir/src/rigid_body_tracker.cpp.o[0m
[ 14%] [32mBuilding CXX object deps/libmotioncapture/deps/qualisys_cpp_sdk/CMakeFiles/qualisys_cpp_sdk.dir/Markup.cpp.o[0m
[ 14%] [32mBuilding CXX object deps/libmotioncapture/deps/vicon-datastream-sdk/CMakeFiles/ViconDataStreamSDK_CPP.dir/Vicon/CrossMarket/DataStream/ViconDataStreamSDKCore/WirelessConfiguration.cpp.o[0m
[ 14%] [32mBuilding CXX object deps/libmotioncapture/deps/vicon-datastream-sdk/CMakeFiles/ViconDataStreamSDK_CPP.dir/Vicon/CrossMarket/DataStream/ViconDataStreamSDKCore/CoreClientTimingLog.cpp.o[0m
[ 14%] [32mBuilding CXX object deps/libmotioncapture/deps/vicon-datastream-sdk/CMakeFiles/ViconDataStreamSDK_CPP.dir/Vicon/CrossMarket/DataStream/ViconDataStreamSDKCore/CoreClient.cpp.o[0m
[ 14%] [32mBuilding CXX object deps/libmotioncapture/deps/vicon-datastream-sdk/CMakeFiles/ViconDataStreamSDK_CPP.dir/Vicon/CrossMarket/DataStream/ViconCGStreamClient/CGStreamReaderWriter.cpp.o[0m
[ 14%] [32mBuilding CXX object deps/libmotioncapture/deps/vicon-datastream-sdk/CMakeFiles/ViconDataStreamSDK_CPP.dir/Vicon/CrossMarket/DataStream/ViconCGStreamClient/ViconCGStreamClient.cpp.o[0m
[ 14%] [32mBuilding CXX object deps/libmotioncapture/deps/vicon-datastream-sdk/CMakeFiles/ViconDataStreamSDK_CPP.dir/Vicon/CrossMarket/DataStream/ViconDataStreamSDKCoreUtils/ClientUtils.cpp.o[0m
[ 17%] [32mBuilding CXX object deps/libmotioncapture/deps/vicon-datastream-sdk/CMakeFiles/ViconDataStreamSDK_CPP.dir/Vicon/CrossMarket/DataStream/ViconDataStreamSDKCoreUtils/AxisMapping.cpp.o[0m
[ 19%] [32mBuilding C object deps/libmotioncapture/deps/vrpn/quat/CMakeFiles/quat.dir/xyzquat.c.o[0m
[ 20%] [32mBuilding C object deps/libmotioncapture/deps/vrpn/quat/CMakeFiles/quat.dir/matrix.c.o[0m
[ 17%] [32mBuilding CXX object deps/libmotioncapture/deps/qualisys_cpp_sdk/CMakeFiles/qualisys_cpp_sdk.dir/RTPacket.cpp.o[0m
[ 23%] [32mBuilding C object deps/libmotioncapture/deps/vrpn/quat/CMakeFiles/quat.dir/vector.c.o[0m
[ 23%] [32mBuilding CXX object deps/libmotioncapture/deps/qualisys_cpp_sdk/CMakeFiles/qualisys_cpp_sdk.dir/Network.cpp.o[0m
[ 26%] [32mBuilding CXX object deps/libmotioncapture/deps/vicon-datastream-sdk/CMakeFiles/ViconDataStreamSDK_CPP.dir/Vicon/CrossMarket/DataStream/ViconCGStreamClientSDK/CGClient.cpp.o[0m
[ 26%] [32mBuilding CXX object deps/libmotioncapture/deps/vicon-datastream-sdk/CMakeFiles/ViconDataStreamSDK_CPP.dir/Vicon/CrossMarket/DataStream/ViconCGStreamClient/ViconCGStreamBayer.cpp.o[0m
[ 30%] [32mBuilding CXX object deps/libmotioncapture/deps/qualisys_cpp_sdk/CMakeFiles/qualisys_cpp_sdk.dir/RTProtocol.cpp.o[0m
[ 30%] [32mBuilding CXX object deps/libmotioncapture/deps/vicon-datastream-sdk/CMakeFiles/ViconDataStreamSDK_CPP.dir/Vicon/CrossMarket/DataStream/ViconDataStreamSDK_CPP/DataStreamClient.cpp.o[0m
[ 31%] [32m[1mLinking C static library libquat.a[0m
[ 31%] Built target quat
[ 33%] [32mBuilding CXX object deps/libmotioncapture/deps/vrpn/CMakeFiles/vrpn.dir/vrpn_Analog.C.o[0m
[ 34%] [32mBuilding CXX object deps/libmotioncapture/deps/vrpn/CMakeFiles/vrpn.dir/vrpn_Analog_Output.C.o[0m
[ 36%] [32mBuilding CXX object deps/libmotioncapture/deps/vrpn/CMakeFiles/vrpn.dir/vrpn_BaseClass.C.o[0m
[ 38%] [32mBuilding CXX object deps/libmotioncapture/deps/vrpn/CMakeFiles/vrpn.dir/vrpn_Assert.C.o[0m
[ 39%] [32mBuilding CXX object deps/libmotioncapture/deps/vrpn/CMakeFiles/vrpn.dir/vrpn_Auxiliary_Logger.C.o[0m
[ 41%] [32mBuilding CXX object deps/libmotioncapture/deps/vrpn/CMakeFiles/vrpn.dir/vrpn_Button.C.o[0m
[ 42%] [32mBuilding CXX object deps/libmotioncapture/deps/vrpn/CMakeFiles/vrpn.dir/vrpn_Connection.C.o[0m
[ 44%] [32mBuilding CXX object deps/libmotioncapture/deps/vrpn/CMakeFiles/vrpn.dir/vrpn_Dial.C.o[0m
[ 46%] [32mBuilding CXX object deps/libmotioncapture/deps/vrpn/CMakeFiles/vrpn.dir/vrpn_EndpointContainer.C.o[0m
[ 47%] [32mBuilding CXX object deps/libmotioncapture/deps/vrpn/CMakeFiles/vrpn.dir/vrpn_FileConnection.C.o[0m
[ 49%] [32mBuilding CXX object deps/libmotioncapture/deps/vrpn/CMakeFiles/vrpn.dir/vrpn_ForceDevice.C.o[0m
[ 50%] [32mBuilding CXX object deps/libmotioncapture/deps/vrpn/CMakeFiles/vrpn.dir/vrpn_FileController.C.o[0m
[ 52%] [32mBuilding CXX object deps/libmotioncapture/deps/vrpn/CMakeFiles/vrpn.dir/vrpn_Forwarder.C.o[0m
[ 53%] [32mBuilding CXX object deps/libmotioncapture/deps/vrpn/CMakeFiles/vrpn.dir/vrpn_FunctionGenerator.C.o[0m
[ 55%] [32mBuilding CXX object deps/libmotioncapture/deps/vrpn/CMakeFiles/vrpn.dir/vrpn_ForwarderController.C.o[0m
[ 57%] [32mBuilding CXX object deps/libmotioncapture/deps/vrpn/CMakeFiles/vrpn.dir/vrpn_Imager.C.o[0m
[ 58%] [32mBuilding CXX object deps/libmotioncapture/deps/vrpn/CMakeFiles/vrpn.dir/vrpn_LamportClock.C.o[0m
[ 60%] [32mBuilding CXX object deps/libmotioncapture/deps/vrpn/CMakeFiles/vrpn.dir/vrpn_Mutex.C.o[0m
[ 61%] [32mBuilding CXX object deps/libmotioncapture/deps/vrpn/CMakeFiles/vrpn.dir/vrpn_Poser.C.o[0m
[ 63%] [32mBuilding CXX object deps/libmotioncapture/deps/vrpn/CMakeFiles/vrpn.dir/vrpn_RedundantTransmission.C.o[0m
[ 65%] [32mBuilding CXX object deps/libmotioncapture/deps/vrpn/CMakeFiles/vrpn.dir/vrpn_Serial.C.o[0m
[ 66%] [32mBuilding CXX object deps/libmotioncapture/deps/vrpn/CMakeFiles/vrpn.dir/vrpn_SerialPort.C.o[0m
[ 68%] [32mBuilding CXX object deps/libmotioncapture/deps/vrpn/CMakeFiles/vrpn.dir/vrpn_Shared.C.o[0m
[ 69%] [32mBuilding CXX object deps/libmotioncapture/deps/vrpn/CMakeFiles/vrpn.dir/vrpn_SharedObject.C.o[0m
[ 71%] [32mBuilding CXX object deps/libmotioncapture/deps/vrpn/CMakeFiles/vrpn.dir/vrpn_Sound.C.o[0m
[ 73%] [32mBuilding CXX object deps/libmotioncapture/deps/vrpn/CMakeFiles/vrpn.dir/vrpn_Text.C.o[0m
[ 74%] [32mBuilding CXX object deps/libmotioncapture/deps/vrpn/CMakeFiles/vrpn.dir/vrpn_Thread.C.o[0m
[ 76%] [32mBuilding CXX object deps/libmotioncapture/deps/vrpn/CMakeFiles/vrpn.dir/vrpn_Tracker.C.o[0m
[ 77%] [32m[1mLinking CXX static library libvrpn.a[0m
[ 77%] Built target vrpn
[ 79%] [32m[1mLinking CXX static library libqualisys_cpp_sdk.a[0m
[ 79%] Built target qualisys_cpp_sdk
[ 80%] [32m[1mLinking CXX static library libViconDataStreamSDK_CPP.a[0m
[ 80%] Built target ViconDataStreamSDK_CPP
[ 82%] [32mBuilding CXX object deps/libmotioncapture/CMakeFiles/libmotioncapture.dir/src/optitrack.cpp.o[0m
[ 87%] [32mBuilding CXX object deps/libmotioncapture/CMakeFiles/libmotioncapture.dir/src/vrpn.cpp.o[0m
[ 87%] [32mBuilding CXX object deps/libmotioncapture/CMakeFiles/libmotioncapture.dir/src/qualisys.cpp.o[0m
[ 87%] [32mBuilding CXX object deps/libmotioncapture/CMakeFiles/libmotioncapture.dir/src/fzmotion.cpp.o[0m
[ 90%] [32mBuilding CXX object deps/libmotioncapture/CMakeFiles/libmotioncapture.dir/src/motioncapture.cpp.o[0m
[ 90%] [32mBuilding CXX object deps/libmotioncapture/CMakeFiles/libmotioncapture.dir/src/mock.cpp.o[0m
[ 93%] [32mBuilding CXX object deps/libmotioncapture/CMakeFiles/libmotioncapture.dir/src/vicon.cpp.o[0m
[ 93%] [32mBuilding CXX object deps/libmotioncapture/CMakeFiles/libmotioncapture.dir/src/optitrack_closed_source.cpp.o[0m
[ 95%] [32m[1mLinking CXX static library liblibrigidbodytracker.a[0m
[ 95%] Built target librigidbodytracker
[ 96%] [32m[1mLinking CXX static library liblibmotioncapture.a[0m
[ 96%] Built target libmotioncapture
[ 98%] [32mBuilding CXX object CMakeFiles/motion_capture_tracking_node.dir/src/motion_capture_tracking_node.cpp.o[0m
[100%] [32m[1mLinking CXX executable motion_capture_tracking_node[0m
[100%] Built target motion_capture_tracking_node
-- Install configuration: ""
-- Execute custom install script
-- Symlinking: /home/bajdus/Desktop/complete-velocity-messages/ros_ws/install/motion_capture_tracking/lib/motion_capture_tracking/motion_capture_tracking_node
-- Symlinking: /home/bajdus/Desktop/complete-velocity-messages/ros_ws/install/motion_capture_tracking/lib/motion_capture_tracking/libNatNet.so
-- Symlinking: /home/bajdus/Desktop/complete-velocity-messages/ros_ws/install/motion_capture_tracking/share/motion_capture_tracking//launch/launch.py
-- Symlinking: /home/bajdus/Desktop/complete-velocity-messages/ros_ws/install/motion_capture_tracking/share/motion_capture_tracking//launch/node.launch
-- Symlinking: /home/bajdus/Desktop/complete-velocity-messages/ros_ws/install/motion_capture_tracking/share/motion_capture_tracking//config/cfg.yaml
-- Symlinking: /home/bajdus/Desktop/complete-velocity-messages/ros_ws/install/motion_capture_tracking/share/motion_capture_tracking//config/rviz.rviz
-- Symlinking: /home/bajdus/Desktop/complete-velocity-messages/ros_ws/install/motion_capture_tracking/share/ament_index/resource_index/package_run_dependencies/motion_capture_tracking
-- Symlinking: /home/bajdus/Desktop/complete-velocity-messages/ros_ws/install/motion_capture_tracking/share/ament_index/resource_index/parent_prefix_path/motion_capture_tracking
-- Symlinking: /home/bajdus/Desktop/complete-velocity-messages/ros_ws/install/motion_capture_tracking/share/motion_capture_tracking/environment/ament_prefix_path.sh
-- Symlinking: /home/bajdus/Desktop/complete-velocity-messages/ros_ws/install/motion_capture_tracking/share/motion_capture_tracking/environment/ament_prefix_path.dsv
-- Symlinking: /home/bajdus/Desktop/complete-velocity-messages/ros_ws/install/motion_capture_tracking/share/motion_capture_tracking/environment/path.sh
-- Symlinking: /home/bajdus/Desktop/complete-velocity-messages/ros_ws/install/motion_capture_tracking/share/motion_capture_tracking/environment/path.dsv
-- Symlinking: /home/bajdus/Desktop/complete-velocity-messages/ros_ws/install/motion_capture_tracking/share/motion_capture_tracking/local_setup.bash
-- Symlinking: /home/bajdus/Desktop/complete-velocity-messages/ros_ws/install/motion_capture_tracking/share/motion_capture_tracking/local_setup.sh
-- Symlinking: /home/bajdus/Desktop/complete-velocity-messages/ros_ws/install/motion_capture_tracking/share/motion_capture_tracking/local_setup.zsh
-- Symlinking: /home/bajdus/Desktop/complete-velocity-messages/ros_ws/install/motion_capture_tracking/share/motion_capture_tracking/local_setup.dsv
-- Symlinking: /home/bajdus/Desktop/complete-velocity-messages/ros_ws/install/motion_capture_tracking/share/motion_capture_tracking/package.dsv
-- Symlinking: /home/bajdus/Desktop/complete-velocity-messages/ros_ws/install/motion_capture_tracking/share/ament_index/resource_index/packages/motion_capture_tracking
-- Symlinking: /home/bajdus/Desktop/complete-velocity-messages/ros_ws/install/motion_capture_tracking/share/motion_capture_tracking/cmake/motion_capture_trackingConfig.cmake
-- Symlinking: /home/bajdus/Desktop/complete-velocity-messages/ros_ws/install/motion_capture_tracking/share/motion_capture_tracking/cmake/motion_capture_trackingConfig-version.cmake
-- Symlinking: /home/bajdus/Desktop/complete-velocity-messages/ros_ws/install/motion_capture_tracking/share/motion_capture_tracking/package.xml
