[  1%] Built target motion_capture_tracking_interfaces__rosidl_generator_type_description
[  1%] Built target ament_cmake_python_symlink_motion_capture_tracking_interfaces
[  3%] Built target motion_capture_tracking_interfaces__cpp
[ 25%] Built target motion_capture_tracking_interfaces__rosidl_generator_c
[ 42%] Built target motion_capture_tracking_interfaces__rosidl_typesupport_introspection_c
[ 43%] Built target motion_capture_tracking_interfaces__rosidl_typesupport_fastrtps_c
[ 56%] Built target motion_capture_tracking_interfaces__rosidl_typesupport_c
[ 62%] Built target motion_capture_tracking_interfaces__rosidl_typesupport_cpp
[ 71%] Built target motion_capture_tracking_interfaces__rosidl_typesupport_fastrtps_cpp
[ 81%] Built target motion_capture_tracking_interfaces__rosidl_typesupport_introspection_cpp
[ 81%] Built target motion_capture_tracking_interfaces
[ 82%] Built target motion_capture_tracking_interfaces__py
[ 90%] Built target motion_capture_tracking_interfaces__rosidl_generator_py
[ 95%] Built target motion_capture_tracking_interfaces_s__rosidl_typesupport_introspection_c
[ 96%] Built target motion_capture_tracking_interfaces_s__rosidl_typesupport_c
[100%] Built target motion_capture_tracking_interfaces_s__rosidl_typesupport_fastrtps_c
running egg_info
writing motion_capture_tracking_interfaces.egg-info/PKG-INFO
writing dependency_links to motion_capture_tracking_interfaces.egg-info/dependency_links.txt
writing top-level names to motion_capture_tracking_interfaces.egg-info/top_level.txt
reading manifest file 'motion_capture_tracking_interfaces.egg-info/SOURCES.txt'
writing manifest file 'motion_capture_tracking_interfaces.egg-info/SOURCES.txt'
[100%] Built target ament_cmake_python_build_motion_capture_tracking_interfaces_egg
-- Install configuration: ""
-- Execute custom install script
-- Up-to-date symlink: /home/bajdus/Desktop/complete-velocity-messages/install/motion_capture_tracking_interfaces/share/ament_index/resource_index/rosidl_interfaces/motion_capture_tracking_interfaces
-- Up-to-date symlink: /home/bajdus/Desktop/complete-velocity-messages/install/motion_capture_tracking_interfaces/share/motion_capture_tracking_interfaces/msg/NamedPose.json
-- Up-to-date symlink: /home/bajdus/Desktop/complete-velocity-messages/install/motion_capture_tracking_interfaces/share/motion_capture_tracking_interfaces/msg/NamedPoseArray.json
-- Up-to-date symlink: /home/bajdus/Desktop/complete-velocity-messages/install/motion_capture_tracking_interfaces/share/motion_capture_tracking_interfaces/msg/TargetPosition.json
-- Up-to-date symlink: /home/bajdus/Desktop/complete-velocity-messages/install/motion_capture_tracking_interfaces/share/motion_capture_tracking_interfaces/msg/TargetPositionArray.json
-- Up-to-date symlink: /home/bajdus/Desktop/complete-velocity-messages/install/motion_capture_tracking_interfaces/include/motion_capture_tracking_interfaces/motion_capture_tracking_interfaces/msg/detail/named_pose__functions.h
-- Up-to-date symlink: /home/bajdus/Desktop/complete-velocity-messages/install/motion_capture_tracking_interfaces/include/motion_capture_tracking_interfaces/motion_capture_tracking_interfaces/msg/detail/named_pose__struct.h
-- Up-to-date symlink: /home/bajdus/Desktop/complete-velocity-messages/install/motion_capture_tracking_interfaces/include/motion_capture_tracking_interfaces/motion_capture_tracking_interfaces/msg/detail/named_pose__type_support.h
-- Up-to-date symlink: /home/bajdus/Desktop/complete-velocity-messages/install/motion_capture_tracking_interfaces/include/motion_capture_tracking_interfaces/motion_capture_tracking_interfaces/msg/detail/named_pose_array__functions.h
-- Up-to-date symlink: /home/bajdus/Desktop/complete-velocity-messages/install/motion_capture_tracking_interfaces/include/motion_capture_tracking_interfaces/motion_capture_tracking_interfaces/msg/detail/named_pose_array__struct.h
-- Up-to-date symlink: /home/bajdus/Desktop/complete-velocity-messages/install/motion_capture_tracking_interfaces/include/motion_capture_tracking_interfaces/motion_capture_tracking_interfaces/msg/detail/named_pose_array__type_support.h
-- Up-to-date symlink: /home/bajdus/Desktop/complete-velocity-messages/install/motion_capture_tracking_interfaces/include/motion_capture_tracking_interfaces/motion_capture_tracking_interfaces/msg/detail/target_position__functions.h
-- Up-to-date symlink: /home/bajdus/Desktop/complete-velocity-messages/install/motion_capture_tracking_interfaces/include/motion_capture_tracking_interfaces/motion_capture_tracking_interfaces/msg/detail/target_position__struct.h
-- Up-to-date symlink: /home/bajdus/Desktop/complete-velocity-messages/install/motion_capture_tracking_interfaces/include/motion_capture_tracking_interfaces/motion_capture_tracking_interfaces/msg/detail/target_position__type_support.h
-- Up-to-date symlink: /home/bajdus/Desktop/complete-velocity-messages/install/motion_capture_tracking_interfaces/include/motion_capture_tracking_interfaces/motion_capture_tracking_interfaces/msg/detail/target_position_array__functions.h
-- Up-to-date symlink: /home/bajdus/Desktop/complete-velocity-messages/install/motion_capture_tracking_interfaces/include/motion_capture_tracking_interfaces/motion_capture_tracking_interfaces/msg/detail/target_position_array__struct.h
-- Up-to-date symlink: /home/bajdus/Desktop/complete-velocity-messages/install/motion_capture_tracking_interfaces/include/motion_capture_tracking_interfaces/motion_capture_tracking_interfaces/msg/detail/target_position_array__type_support.h
-- Up-to-date symlink: /home/bajdus/Desktop/complete-velocity-messages/install/motion_capture_tracking_interfaces/include/motion_capture_tracking_interfaces/motion_capture_tracking_interfaces/msg/named_pose.h
-- Up-to-date symlink: /home/bajdus/Desktop/complete-velocity-messages/install/motion_capture_tracking_interfaces/include/motion_capture_tracking_interfaces/motion_capture_tracking_interfaces/msg/named_pose_array.h
-- Up-to-date symlink: /home/bajdus/Desktop/complete-velocity-messages/install/motion_capture_tracking_interfaces/include/motion_capture_tracking_interfaces/motion_capture_tracking_interfaces/msg/rosidl_generator_c__visibility_control.h
-- Up-to-date symlink: /home/bajdus/Desktop/complete-velocity-messages/install/motion_capture_tracking_interfaces/include/motion_capture_tracking_interfaces/motion_capture_tracking_interfaces/msg/target_position.h
-- Up-to-date symlink: /home/bajdus/Desktop/complete-velocity-messages/install/motion_capture_tracking_interfaces/include/motion_capture_tracking_interfaces/motion_capture_tracking_interfaces/msg/target_position_array.h
-- Up-to-date symlink: /home/bajdus/Desktop/complete-velocity-messages/install/motion_capture_tracking_interfaces/share/motion_capture_tracking_interfaces/environment/library_path.sh
-- Up-to-date symlink: /home/bajdus/Desktop/complete-velocity-messages/install/motion_capture_tracking_interfaces/share/motion_capture_tracking_interfaces/environment/library_path.dsv
-- Up-to-date symlink: /home/bajdus/Desktop/complete-velocity-messages/install/motion_capture_tracking_interfaces/include/motion_capture_tracking_interfaces/motion_capture_tracking_interfaces/msg/detail/named_pose__rosidl_typesupport_fastrtps_c.h
-- Up-to-date symlink: /home/bajdus/Desktop/complete-velocity-messages/install/motion_capture_tracking_interfaces/include/motion_capture_tracking_interfaces/motion_capture_tracking_interfaces/msg/detail/named_pose_array__rosidl_typesupport_fastrtps_c.h
-- Up-to-date symlink: /home/bajdus/Desktop/complete-velocity-messages/install/motion_capture_tracking_interfaces/include/motion_capture_tracking_interfaces/motion_capture_tracking_interfaces/msg/detail/target_position__rosidl_typesupport_fastrtps_c.h
-- Up-to-date symlink: /home/bajdus/Desktop/complete-velocity-messages/install/motion_capture_tracking_interfaces/include/motion_capture_tracking_interfaces/motion_capture_tracking_interfaces/msg/detail/target_position_array__rosidl_typesupport_fastrtps_c.h
-- Up-to-date symlink: /home/bajdus/Desktop/complete-velocity-messages/install/motion_capture_tracking_interfaces/include/motion_capture_tracking_interfaces/motion_capture_tracking_interfaces/msg/rosidl_typesupport_fastrtps_c__visibility_control.h
-- Up-to-date symlink: /home/bajdus/Desktop/complete-velocity-messages/install/motion_capture_tracking_interfaces/include/motion_capture_tracking_interfaces/motion_capture_tracking_interfaces/msg/detail/named_pose__builder.hpp
-- Up-to-date symlink: /home/bajdus/Desktop/complete-velocity-messages/install/motion_capture_tracking_interfaces/include/motion_capture_tracking_interfaces/motion_capture_tracking_interfaces/msg/detail/named_pose__struct.hpp
-- Up-to-date symlink: /home/bajdus/Desktop/complete-velocity-messages/install/motion_capture_tracking_interfaces/include/motion_capture_tracking_interfaces/motion_capture_tracking_interfaces/msg/detail/named_pose__traits.hpp
-- Up-to-date symlink: /home/bajdus/Desktop/complete-velocity-messages/install/motion_capture_tracking_interfaces/include/motion_capture_tracking_interfaces/motion_capture_tracking_interfaces/msg/detail/named_pose__type_support.hpp
-- Up-to-date symlink: /home/bajdus/Desktop/complete-velocity-messages/install/motion_capture_tracking_interfaces/include/motion_capture_tracking_interfaces/motion_capture_tracking_interfaces/msg/detail/named_pose_array__builder.hpp
-- Up-to-date symlink: /home/bajdus/Desktop/complete-velocity-messages/install/motion_capture_tracking_interfaces/include/motion_capture_tracking_interfaces/motion_capture_tracking_interfaces/msg/detail/named_pose_array__struct.hpp
-- Up-to-date symlink: /home/bajdus/Desktop/complete-velocity-messages/install/motion_capture_tracking_interfaces/include/motion_capture_tracking_interfaces/motion_capture_tracking_interfaces/msg/detail/named_pose_array__traits.hpp
-- Up-to-date symlink: /home/bajdus/Desktop/complete-velocity-messages/install/motion_capture_tracking_interfaces/include/motion_capture_tracking_interfaces/motion_capture_tracking_interfaces/msg/detail/named_pose_array__type_support.hpp
-- Up-to-date symlink: /home/bajdus/Desktop/complete-velocity-messages/install/motion_capture_tracking_interfaces/include/motion_capture_tracking_interfaces/motion_capture_tracking_interfaces/msg/detail/target_position__builder.hpp
-- Up-to-date symlink: /home/bajdus/Desktop/complete-velocity-messages/install/motion_capture_tracking_interfaces/include/motion_capture_tracking_interfaces/motion_capture_tracking_interfaces/msg/detail/target_position__struct.hpp
-- Up-to-date symlink: /home/bajdus/Desktop/complete-velocity-messages/install/motion_capture_tracking_interfaces/include/motion_capture_tracking_interfaces/motion_capture_tracking_interfaces/msg/detail/target_position__traits.hpp
-- Up-to-date symlink: /home/bajdus/Desktop/complete-velocity-messages/install/motion_capture_tracking_interfaces/include/motion_capture_tracking_interfaces/motion_capture_tracking_interfaces/msg/detail/target_position__type_support.hpp
-- Up-to-date symlink: /home/bajdus/Desktop/complete-velocity-messages/install/motion_capture_tracking_interfaces/include/motion_capture_tracking_interfaces/motion_capture_tracking_interfaces/msg/detail/target_position_array__builder.hpp
-- Up-to-date symlink: /home/bajdus/Desktop/complete-velocity-messages/install/motion_capture_tracking_interfaces/include/motion_capture_tracking_interfaces/motion_capture_tracking_interfaces/msg/detail/target_position_array__struct.hpp
-- Up-to-date symlink: /home/bajdus/Desktop/complete-velocity-messages/install/motion_capture_tracking_interfaces/include/motion_capture_tracking_interfaces/motion_capture_tracking_interfaces/msg/detail/target_position_array__traits.hpp
-- Up-to-date symlink: /home/bajdus/Desktop/complete-velocity-messages/install/motion_capture_tracking_interfaces/include/motion_capture_tracking_interfaces/motion_capture_tracking_interfaces/msg/detail/target_position_array__type_support.hpp
-- Up-to-date symlink: /home/bajdus/Desktop/complete-velocity-messages/install/motion_capture_tracking_interfaces/include/motion_capture_tracking_interfaces/motion_capture_tracking_interfaces/msg/named_pose.hpp
-- Up-to-date symlink: /home/bajdus/Desktop/complete-velocity-messages/install/motion_capture_tracking_interfaces/include/motion_capture_tracking_interfaces/motion_capture_tracking_interfaces/msg/named_pose_array.hpp
-- Up-to-date symlink: /home/bajdus/Desktop/complete-velocity-messages/install/motion_capture_tracking_interfaces/include/motion_capture_tracking_interfaces/motion_capture_tracking_interfaces/msg/rosidl_generator_cpp__visibility_control.hpp
-- Up-to-date symlink: /home/bajdus/Desktop/complete-velocity-messages/install/motion_capture_tracking_interfaces/include/motion_capture_tracking_interfaces/motion_capture_tracking_interfaces/msg/target_position.hpp
-- Up-to-date symlink: /home/bajdus/Desktop/complete-velocity-messages/install/motion_capture_tracking_interfaces/include/motion_capture_tracking_interfaces/motion_capture_tracking_interfaces/msg/target_position_array.hpp
-- Up-to-date symlink: /home/bajdus/Desktop/complete-velocity-messages/install/motion_capture_tracking_interfaces/include/motion_capture_tracking_interfaces/motion_capture_tracking_interfaces/msg/detail/named_pose__rosidl_typesupport_fastrtps_cpp.hpp
-- Up-to-date symlink: /home/bajdus/Desktop/complete-velocity-messages/install/motion_capture_tracking_interfaces/include/motion_capture_tracking_interfaces/motion_capture_tracking_interfaces/msg/detail/named_pose_array__rosidl_typesupport_fastrtps_cpp.hpp
-- Up-to-date symlink: /home/bajdus/Desktop/complete-velocity-messages/install/motion_capture_tracking_interfaces/include/motion_capture_tracking_interfaces/motion_capture_tracking_interfaces/msg/detail/target_position__rosidl_typesupport_fastrtps_cpp.hpp
-- Up-to-date symlink: /home/bajdus/Desktop/complete-velocity-messages/install/motion_capture_tracking_interfaces/include/motion_capture_tracking_interfaces/motion_capture_tracking_interfaces/msg/detail/target_position_array__rosidl_typesupport_fastrtps_cpp.hpp
-- Up-to-date symlink: /home/bajdus/Desktop/complete-velocity-messages/install/motion_capture_tracking_interfaces/include/motion_capture_tracking_interfaces/motion_capture_tracking_interfaces/msg/rosidl_typesupport_fastrtps_cpp__visibility_control.h
-- Up-to-date symlink: /home/bajdus/Desktop/complete-velocity-messages/install/motion_capture_tracking_interfaces/include/motion_capture_tracking_interfaces/motion_capture_tracking_interfaces/msg/detail/named_pose__rosidl_typesupport_introspection_c.h
-- Up-to-date symlink: /home/bajdus/Desktop/complete-velocity-messages/install/motion_capture_tracking_interfaces/include/motion_capture_tracking_interfaces/motion_capture_tracking_interfaces/msg/detail/named_pose_array__rosidl_typesupport_introspection_c.h
-- Up-to-date symlink: /home/bajdus/Desktop/complete-velocity-messages/install/motion_capture_tracking_interfaces/include/motion_capture_tracking_interfaces/motion_capture_tracking_interfaces/msg/detail/target_position__rosidl_typesupport_introspection_c.h
-- Up-to-date symlink: /home/bajdus/Desktop/complete-velocity-messages/install/motion_capture_tracking_interfaces/include/motion_capture_tracking_interfaces/motion_capture_tracking_interfaces/msg/detail/target_position_array__rosidl_typesupport_introspection_c.h
-- Up-to-date symlink: /home/bajdus/Desktop/complete-velocity-messages/install/motion_capture_tracking_interfaces/include/motion_capture_tracking_interfaces/motion_capture_tracking_interfaces/msg/rosidl_typesupport_introspection_c__visibility_control.h
-- Up-to-date symlink: /home/bajdus/Desktop/complete-velocity-messages/install/motion_capture_tracking_interfaces/include/motion_capture_tracking_interfaces/motion_capture_tracking_interfaces/msg/detail/named_pose__rosidl_typesupport_introspection_cpp.hpp
-- Up-to-date symlink: /home/bajdus/Desktop/complete-velocity-messages/install/motion_capture_tracking_interfaces/include/motion_capture_tracking_interfaces/motion_capture_tracking_interfaces/msg/detail/named_pose_array__rosidl_typesupport_introspection_cpp.hpp
-- Up-to-date symlink: /home/bajdus/Desktop/complete-velocity-messages/install/motion_capture_tracking_interfaces/include/motion_capture_tracking_interfaces/motion_capture_tracking_interfaces/msg/detail/target_position__rosidl_typesupport_introspection_cpp.hpp
-- Up-to-date symlink: /home/bajdus/Desktop/complete-velocity-messages/install/motion_capture_tracking_interfaces/include/motion_capture_tracking_interfaces/motion_capture_tracking_interfaces/msg/detail/target_position_array__rosidl_typesupport_introspection_cpp.hpp
-- Up-to-date symlink: /home/bajdus/Desktop/complete-velocity-messages/install/motion_capture_tracking_interfaces/share/motion_capture_tracking_interfaces/environment/pythonpath.sh
-- Up-to-date symlink: /home/bajdus/Desktop/complete-velocity-messages/install/motion_capture_tracking_interfaces/share/motion_capture_tracking_interfaces/environment/pythonpath.dsv
-- Up-to-date symlink: /home/bajdus/Desktop/complete-velocity-messages/install/motion_capture_tracking_interfaces/lib/python3.12/site-packages/motion_capture_tracking_interfaces-1.0.5-py3.12.egg-info/PKG-INFO
-- Up-to-date symlink: /home/bajdus/Desktop/complete-velocity-messages/install/motion_capture_tracking_interfaces/lib/python3.12/site-packages/motion_capture_tracking_interfaces-1.0.5-py3.12.egg-info/SOURCES.txt
-- Up-to-date symlink: /home/bajdus/Desktop/complete-velocity-messages/install/motion_capture_tracking_interfaces/lib/python3.12/site-packages/motion_capture_tracking_interfaces-1.0.5-py3.12.egg-info/dependency_links.txt
-- Up-to-date symlink: /home/bajdus/Desktop/complete-velocity-messages/install/motion_capture_tracking_interfaces/lib/python3.12/site-packages/motion_capture_tracking_interfaces-1.0.5-py3.12.egg-info/top_level.txt
-- Up-to-date symlink: /home/bajdus/Desktop/complete-velocity-messages/install/motion_capture_tracking_interfaces/lib/python3.12/site-packages/motion_capture_tracking_interfaces/__init__.py
-- Up-to-date symlink: /home/bajdus/Desktop/complete-velocity-messages/install/motion_capture_tracking_interfaces/lib/python3.12/site-packages/motion_capture_tracking_interfaces/_motion_capture_tracking_interfaces_s.ep.rosidl_typesupport_c.c
-- Up-to-date symlink: /home/bajdus/Desktop/complete-velocity-messages/install/motion_capture_tracking_interfaces/lib/python3.12/site-packages/motion_capture_tracking_interfaces/_motion_capture_tracking_interfaces_s.ep.rosidl_typesupport_fastrtps_c.c
-- Up-to-date symlink: /home/bajdus/Desktop/complete-velocity-messages/install/motion_capture_tracking_interfaces/lib/python3.12/site-packages/motion_capture_tracking_interfaces/_motion_capture_tracking_interfaces_s.ep.rosidl_typesupport_introspection_c.c
-- Up-to-date symlink: /home/bajdus/Desktop/complete-velocity-messages/install/motion_capture_tracking_interfaces/lib/python3.12/site-packages/motion_capture_tracking_interfaces/motion_capture_tracking_interfaces_s__rosidl_typesupport_c.so
-- Up-to-date symlink: /home/bajdus/Desktop/complete-velocity-messages/install/motion_capture_tracking_interfaces/lib/python3.12/site-packages/motion_capture_tracking_interfaces/motion_capture_tracking_interfaces_s__rosidl_typesupport_fastrtps_c.so
-- Up-to-date symlink: /home/bajdus/Desktop/complete-velocity-messages/install/motion_capture_tracking_interfaces/lib/python3.12/site-packages/motion_capture_tracking_interfaces/motion_capture_tracking_interfaces_s__rosidl_typesupport_introspection_c.so
-- Up-to-date symlink: /home/bajdus/Desktop/complete-velocity-messages/install/motion_capture_tracking_interfaces/lib/python3.12/site-packages/motion_capture_tracking_interfaces/msg/__init__.py
-- Up-to-date symlink: /home/bajdus/Desktop/complete-velocity-messages/install/motion_capture_tracking_interfaces/lib/python3.12/site-packages/motion_capture_tracking_interfaces/msg/_named_pose.py
-- Up-to-date symlink: /home/bajdus/Desktop/complete-velocity-messages/install/motion_capture_tracking_interfaces/lib/python3.12/site-packages/motion_capture_tracking_interfaces/msg/_named_pose_array.py
-- Up-to-date symlink: /home/bajdus/Desktop/complete-velocity-messages/install/motion_capture_tracking_interfaces/lib/python3.12/site-packages/motion_capture_tracking_interfaces/msg/_named_pose_array_s.c
-- Up-to-date symlink: /home/bajdus/Desktop/complete-velocity-messages/install/motion_capture_tracking_interfaces/lib/python3.12/site-packages/motion_capture_tracking_interfaces/msg/_named_pose_s.c
-- Up-to-date symlink: /home/bajdus/Desktop/complete-velocity-messages/install/motion_capture_tracking_interfaces/lib/python3.12/site-packages/motion_capture_tracking_interfaces/msg/_target_position.py
-- Up-to-date symlink: /home/bajdus/Desktop/complete-velocity-messages/install/motion_capture_tracking_interfaces/lib/python3.12/site-packages/motion_capture_tracking_interfaces/msg/_target_position_array.py
-- Up-to-date symlink: /home/bajdus/Desktop/complete-velocity-messages/install/motion_capture_tracking_interfaces/lib/python3.12/site-packages/motion_capture_tracking_interfaces/msg/_target_position_array_s.c
-- Up-to-date symlink: /home/bajdus/Desktop/complete-velocity-messages/install/motion_capture_tracking_interfaces/lib/python3.12/site-packages/motion_capture_tracking_interfaces/msg/_target_position_s.c
-- Up-to-date symlink: /home/bajdus/Desktop/complete-velocity-messages/install/motion_capture_tracking_interfaces/lib/python3.12/site-packages/motion_capture_tracking_interfaces/motion_capture_tracking_interfaces_s__rosidl_typesupport_fastrtps_c.so
-- Up-to-date symlink: /home/bajdus/Desktop/complete-velocity-messages/install/motion_capture_tracking_interfaces/lib/python3.12/site-packages/motion_capture_tracking_interfaces/motion_capture_tracking_interfaces_s__rosidl_typesupport_introspection_c.so
-- Up-to-date symlink: /home/bajdus/Desktop/complete-velocity-messages/install/motion_capture_tracking_interfaces/lib/python3.12/site-packages/motion_capture_tracking_interfaces/motion_capture_tracking_interfaces_s__rosidl_typesupport_c.so
-- Up-to-date symlink: /home/bajdus/Desktop/complete-velocity-messages/install/motion_capture_tracking_interfaces/share/motion_capture_tracking_interfaces/msg/NamedPose.idl
-- Up-to-date symlink: /home/bajdus/Desktop/complete-velocity-messages/install/motion_capture_tracking_interfaces/share/motion_capture_tracking_interfaces/msg/NamedPoseArray.idl
-- Up-to-date symlink: /home/bajdus/Desktop/complete-velocity-messages/install/motion_capture_tracking_interfaces/share/motion_capture_tracking_interfaces/msg/TargetPosition.idl
-- Up-to-date symlink: /home/bajdus/Desktop/complete-velocity-messages/install/motion_capture_tracking_interfaces/share/motion_capture_tracking_interfaces/msg/TargetPositionArray.idl
-- Up-to-date symlink: /home/bajdus/Desktop/complete-velocity-messages/install/motion_capture_tracking_interfaces/share/motion_capture_tracking_interfaces/msg/NamedPose.msg
-- Up-to-date symlink: /home/bajdus/Desktop/complete-velocity-messages/install/motion_capture_tracking_interfaces/share/motion_capture_tracking_interfaces/msg/NamedPoseArray.msg
-- Up-to-date symlink: /home/bajdus/Desktop/complete-velocity-messages/install/motion_capture_tracking_interfaces/share/motion_capture_tracking_interfaces/msg/TargetPosition.msg
-- Up-to-date symlink: /home/bajdus/Desktop/complete-velocity-messages/install/motion_capture_tracking_interfaces/share/motion_capture_tracking_interfaces/msg/TargetPositionArray.msg
-- Up-to-date symlink: /home/bajdus/Desktop/complete-velocity-messages/install/motion_capture_tracking_interfaces/share/ament_index/resource_index/package_run_dependencies/motion_capture_tracking_interfaces
-- Up-to-date symlink: /home/bajdus/Desktop/complete-velocity-messages/install/motion_capture_tracking_interfaces/share/ament_index/resource_index/parent_prefix_path/motion_capture_tracking_interfaces
-- Up-to-date symlink: /home/bajdus/Desktop/complete-velocity-messages/install/motion_capture_tracking_interfaces/share/motion_capture_tracking_interfaces/environment/ament_prefix_path.sh
-- Up-to-date symlink: /home/bajdus/Desktop/complete-velocity-messages/install/motion_capture_tracking_interfaces/share/motion_capture_tracking_interfaces/environment/ament_prefix_path.dsv
-- Up-to-date symlink: /home/bajdus/Desktop/complete-velocity-messages/install/motion_capture_tracking_interfaces/share/motion_capture_tracking_interfaces/environment/path.sh
-- Up-to-date symlink: /home/bajdus/Desktop/complete-velocity-messages/install/motion_capture_tracking_interfaces/share/motion_capture_tracking_interfaces/environment/path.dsv
-- Up-to-date symlink: /home/bajdus/Desktop/complete-velocity-messages/install/motion_capture_tracking_interfaces/share/motion_capture_tracking_interfaces/local_setup.bash
-- Up-to-date symlink: /home/bajdus/Desktop/complete-velocity-messages/install/motion_capture_tracking_interfaces/share/motion_capture_tracking_interfaces/local_setup.sh
-- Up-to-date symlink: /home/bajdus/Desktop/complete-velocity-messages/install/motion_capture_tracking_interfaces/share/motion_capture_tracking_interfaces/local_setup.zsh
-- Up-to-date symlink: /home/bajdus/Desktop/complete-velocity-messages/install/motion_capture_tracking_interfaces/share/motion_capture_tracking_interfaces/local_setup.dsv
-- Symlinking: /home/bajdus/Desktop/complete-velocity-messages/install/motion_capture_tracking_interfaces/share/motion_capture_tracking_interfaces/package.dsv
-- Up-to-date symlink: /home/bajdus/Desktop/complete-velocity-messages/install/motion_capture_tracking_interfaces/share/ament_index/resource_index/packages/motion_capture_tracking_interfaces
-- Up-to-date symlink: /home/bajdus/Desktop/complete-velocity-messages/install/motion_capture_tracking_interfaces/share/motion_capture_tracking_interfaces/cmake/rosidl_cmake-extras.cmake
-- Up-to-date symlink: /home/bajdus/Desktop/complete-velocity-messages/install/motion_capture_tracking_interfaces/share/motion_capture_tracking_interfaces/cmake/ament_cmake_export_dependencies-extras.cmake
-- Up-to-date symlink: /home/bajdus/Desktop/complete-velocity-messages/install/motion_capture_tracking_interfaces/share/motion_capture_tracking_interfaces/cmake/ament_cmake_export_include_directories-extras.cmake
-- Up-to-date symlink: /home/bajdus/Desktop/complete-velocity-messages/install/motion_capture_tracking_interfaces/share/motion_capture_tracking_interfaces/cmake/ament_cmake_export_libraries-extras.cmake
-- Up-to-date symlink: /home/bajdus/Desktop/complete-velocity-messages/install/motion_capture_tracking_interfaces/share/motion_capture_tracking_interfaces/cmake/ament_cmake_export_targets-extras.cmake
-- Up-to-date symlink: /home/bajdus/Desktop/complete-velocity-messages/install/motion_capture_tracking_interfaces/share/motion_capture_tracking_interfaces/cmake/rosidl_cmake_export_typesupport_targets-extras.cmake
-- Up-to-date symlink: /home/bajdus/Desktop/complete-velocity-messages/install/motion_capture_tracking_interfaces/share/motion_capture_tracking_interfaces/cmake/rosidl_cmake_export_typesupport_libraries-extras.cmake
-- Up-to-date symlink: /home/bajdus/Desktop/complete-velocity-messages/install/motion_capture_tracking_interfaces/share/motion_capture_tracking_interfaces/cmake/motion_capture_tracking_interfacesConfig.cmake
-- Up-to-date symlink: /home/bajdus/Desktop/complete-velocity-messages/install/motion_capture_tracking_interfaces/share/motion_capture_tracking_interfaces/cmake/motion_capture_tracking_interfacesConfig-version.cmake
-- Up-to-date symlink: /home/bajdus/Desktop/complete-velocity-messages/install/motion_capture_tracking_interfaces/share/motion_capture_tracking_interfaces/package.xml
-- Up-to-date: /home/bajdus/Desktop/complete-velocity-messages/install/motion_capture_tracking_interfaces/lib/libmotion_capture_tracking_interfaces__rosidl_generator_c.so
-- Up-to-date: /home/bajdus/Desktop/complete-velocity-messages/install/motion_capture_tracking_interfaces/lib/libmotion_capture_tracking_interfaces__rosidl_typesupport_fastrtps_c.so
-- Up-to-date: /home/bajdus/Desktop/complete-velocity-messages/install/motion_capture_tracking_interfaces/lib/libmotion_capture_tracking_interfaces__rosidl_typesupport_fastrtps_cpp.so
-- Up-to-date: /home/bajdus/Desktop/complete-velocity-messages/install/motion_capture_tracking_interfaces/lib/libmotion_capture_tracking_interfaces__rosidl_typesupport_introspection_c.so
-- Up-to-date: /home/bajdus/Desktop/complete-velocity-messages/install/motion_capture_tracking_interfaces/lib/libmotion_capture_tracking_interfaces__rosidl_typesupport_c.so
-- Up-to-date: /home/bajdus/Desktop/complete-velocity-messages/install/motion_capture_tracking_interfaces/lib/libmotion_capture_tracking_interfaces__rosidl_typesupport_introspection_cpp.so
-- Up-to-date: /home/bajdus/Desktop/complete-velocity-messages/install/motion_capture_tracking_interfaces/lib/libmotion_capture_tracking_interfaces__rosidl_typesupport_cpp.so
Listing '/home/bajdus/Desktop/complete-velocity-messages/install/motion_capture_tracking_interfaces/lib/python3.12/site-packages/motion_capture_tracking_interfaces'...
Listing '/home/bajdus/Desktop/complete-velocity-messages/install/motion_capture_tracking_interfaces/lib/python3.12/site-packages/motion_capture_tracking_interfaces/msg'...
-- Up-to-date: /home/bajdus/Desktop/complete-velocity-messages/install/motion_capture_tracking_interfaces/lib/libmotion_capture_tracking_interfaces__rosidl_generator_py.so
-- Up-to-date: /home/bajdus/Desktop/complete-velocity-messages/install/motion_capture_tracking_interfaces/share/motion_capture_tracking_interfaces/cmake/export_motion_capture_tracking_interfaces__rosidl_generator_cExport.cmake
-- Up-to-date: /home/bajdus/Desktop/complete-velocity-messages/install/motion_capture_tracking_interfaces/share/motion_capture_tracking_interfaces/cmake/export_motion_capture_tracking_interfaces__rosidl_generator_cExport-noconfig.cmake
-- Up-to-date: /home/bajdus/Desktop/complete-velocity-messages/install/motion_capture_tracking_interfaces/share/motion_capture_tracking_interfaces/cmake/export_motion_capture_tracking_interfaces__rosidl_typesupport_fastrtps_cExport.cmake
-- Up-to-date: /home/bajdus/Desktop/complete-velocity-messages/install/motion_capture_tracking_interfaces/share/motion_capture_tracking_interfaces/cmake/export_motion_capture_tracking_interfaces__rosidl_typesupport_fastrtps_cExport-noconfig.cmake
-- Up-to-date: /home/bajdus/Desktop/complete-velocity-messages/install/motion_capture_tracking_interfaces/share/motion_capture_tracking_interfaces/cmake/export_motion_capture_tracking_interfaces__rosidl_generator_cppExport.cmake
-- Up-to-date: /home/bajdus/Desktop/complete-velocity-messages/install/motion_capture_tracking_interfaces/share/motion_capture_tracking_interfaces/cmake/export_motion_capture_tracking_interfaces__rosidl_typesupport_fastrtps_cppExport.cmake
-- Up-to-date: /home/bajdus/Desktop/complete-velocity-messages/install/motion_capture_tracking_interfaces/share/motion_capture_tracking_interfaces/cmake/export_motion_capture_tracking_interfaces__rosidl_typesupport_fastrtps_cppExport-noconfig.cmake
-- Up-to-date: /home/bajdus/Desktop/complete-velocity-messages/install/motion_capture_tracking_interfaces/share/motion_capture_tracking_interfaces/cmake/motion_capture_tracking_interfaces__rosidl_typesupport_introspection_cExport.cmake
-- Up-to-date: /home/bajdus/Desktop/complete-velocity-messages/install/motion_capture_tracking_interfaces/share/motion_capture_tracking_interfaces/cmake/motion_capture_tracking_interfaces__rosidl_typesupport_introspection_cExport-noconfig.cmake
-- Up-to-date: /home/bajdus/Desktop/complete-velocity-messages/install/motion_capture_tracking_interfaces/share/motion_capture_tracking_interfaces/cmake/motion_capture_tracking_interfaces__rosidl_typesupport_cExport.cmake
-- Up-to-date: /home/bajdus/Desktop/complete-velocity-messages/install/motion_capture_tracking_interfaces/share/motion_capture_tracking_interfaces/cmake/motion_capture_tracking_interfaces__rosidl_typesupport_cExport-noconfig.cmake
-- Up-to-date: /home/bajdus/Desktop/complete-velocity-messages/install/motion_capture_tracking_interfaces/share/motion_capture_tracking_interfaces/cmake/motion_capture_tracking_interfaces__rosidl_typesupport_introspection_cppExport.cmake
-- Up-to-date: /home/bajdus/Desktop/complete-velocity-messages/install/motion_capture_tracking_interfaces/share/motion_capture_tracking_interfaces/cmake/motion_capture_tracking_interfaces__rosidl_typesupport_introspection_cppExport-noconfig.cmake
-- Up-to-date: /home/bajdus/Desktop/complete-velocity-messages/install/motion_capture_tracking_interfaces/share/motion_capture_tracking_interfaces/cmake/motion_capture_tracking_interfaces__rosidl_typesupport_cppExport.cmake
-- Up-to-date: /home/bajdus/Desktop/complete-velocity-messages/install/motion_capture_tracking_interfaces/share/motion_capture_tracking_interfaces/cmake/motion_capture_tracking_interfaces__rosidl_typesupport_cppExport-noconfig.cmake
-- Up-to-date: /home/bajdus/Desktop/complete-velocity-messages/install/motion_capture_tracking_interfaces/share/motion_capture_tracking_interfaces/cmake/export_motion_capture_tracking_interfaces__rosidl_generator_pyExport.cmake
-- Up-to-date: /home/bajdus/Desktop/complete-velocity-messages/install/motion_capture_tracking_interfaces/share/motion_capture_tracking_interfaces/cmake/export_motion_capture_tracking_interfaces__rosidl_generator_pyExport-noconfig.cmake
