[0.133s] Invoking command in '/home/bajdus/Desktop/complete-velocity-messages/ros_ws/build/motion_capture_tracking': AMENT_PREFIX_PATH=/home/bajdus/Desktop/complete-velocity-messages/ros_ws/install/motion_capture_tracking_interfaces:${AMENT_PREFIX_PATH} CMAKE_PREFIX_PATH=/home/bajdus/Desktop/complete-velocity-messages/ros_ws/install/motion_capture_tracking_interfaces:/usr/local:/opt/ros/jazzy/opt/gz_math_vendor:/opt/ros/jazzy/opt/gz_utils_vendor:/opt/ros/jazzy/opt/gz_cmake_vendor:/opt/ros/jazzy DEBUGINFOD_URLS=https://debuginfod.ubuntu.com LD_LIBRARY_PATH=/home/bajdus/Desktop/complete-velocity-messages/ros_ws/install/motion_capture_tracking_interfaces/lib:${LD_LIBRARY_PATH} PYTHONPATH=/home/bajdus/Desktop/complete-velocity-messages/ros_ws/install/motion_capture_tracking_interfaces/lib/python3.12/site-packages:${PYTHONPATH} /usr/bin/cmake --build /home/bajdus/Desktop/complete-velocity-messages/ros_ws/build/motion_capture_tracking -- -j20 -l20
[0.181s] [  7%] Built target quat
[0.182s] [ 15%] Built target qualisys_cpp_sdk
[0.187s] [ 19%] Built target librigidbodytracker
[0.205s] [ 36%] Built target ViconDataStreamSDK_CPP
[0.208s] [ 82%] Built target vrpn
[0.240s] [ 96%] Built target libmotioncapture
[0.266s] [100%] Built target motion_capture_tracking_node
[0.276s] Invoked command in '/home/bajdus/Desktop/complete-velocity-messages/ros_ws/build/motion_capture_tracking' returned '0': AMENT_PREFIX_PATH=/home/bajdus/Desktop/complete-velocity-messages/ros_ws/install/motion_capture_tracking_interfaces:${AMENT_PREFIX_PATH} CMAKE_PREFIX_PATH=/home/bajdus/Desktop/complete-velocity-messages/ros_ws/install/motion_capture_tracking_interfaces:/usr/local:/opt/ros/jazzy/opt/gz_math_vendor:/opt/ros/jazzy/opt/gz_utils_vendor:/opt/ros/jazzy/opt/gz_cmake_vendor:/opt/ros/jazzy DEBUGINFOD_URLS=https://debuginfod.ubuntu.com LD_LIBRARY_PATH=/home/bajdus/Desktop/complete-velocity-messages/ros_ws/install/motion_capture_tracking_interfaces/lib:${LD_LIBRARY_PATH} PYTHONPATH=/home/bajdus/Desktop/complete-velocity-messages/ros_ws/install/motion_capture_tracking_interfaces/lib/python3.12/site-packages:${PYTHONPATH} /usr/bin/cmake --build /home/bajdus/Desktop/complete-velocity-messages/ros_ws/build/motion_capture_tracking -- -j20 -l20
[0.278s] Invoking command in '/home/bajdus/Desktop/complete-velocity-messages/ros_ws/build/motion_capture_tracking': AMENT_PREFIX_PATH=/home/bajdus/Desktop/complete-velocity-messages/ros_ws/install/motion_capture_tracking_interfaces:${AMENT_PREFIX_PATH} CMAKE_PREFIX_PATH=/home/bajdus/Desktop/complete-velocity-messages/ros_ws/install/motion_capture_tracking_interfaces:/usr/local:/opt/ros/jazzy/opt/gz_math_vendor:/opt/ros/jazzy/opt/gz_utils_vendor:/opt/ros/jazzy/opt/gz_cmake_vendor:/opt/ros/jazzy DEBUGINFOD_URLS=https://debuginfod.ubuntu.com LD_LIBRARY_PATH=/home/bajdus/Desktop/complete-velocity-messages/ros_ws/install/motion_capture_tracking_interfaces/lib:${LD_LIBRARY_PATH} PYTHONPATH=/home/bajdus/Desktop/complete-velocity-messages/ros_ws/install/motion_capture_tracking_interfaces/lib/python3.12/site-packages:${PYTHONPATH} /usr/bin/cmake --install /home/bajdus/Desktop/complete-velocity-messages/ros_ws/build/motion_capture_tracking
[0.282s] -- Install configuration: ""
[0.283s] -- Execute custom install script
[0.283s] -- Up-to-date symlink: /home/bajdus/Desktop/complete-velocity-messages/ros_ws/install/motion_capture_tracking/lib/motion_capture_tracking/motion_capture_tracking_node
[0.283s] -- Up-to-date symlink: /home/bajdus/Desktop/complete-velocity-messages/ros_ws/install/motion_capture_tracking/lib/motion_capture_tracking/libNatNet.so
[0.283s] -- Up-to-date symlink: /home/bajdus/Desktop/complete-velocity-messages/ros_ws/install/motion_capture_tracking/share/motion_capture_tracking//launch/launch.py
[0.283s] -- Up-to-date symlink: /home/bajdus/Desktop/complete-velocity-messages/ros_ws/install/motion_capture_tracking/share/motion_capture_tracking//launch/node.launch
[0.284s] -- Up-to-date symlink: /home/bajdus/Desktop/complete-velocity-messages/ros_ws/install/motion_capture_tracking/share/motion_capture_tracking//config/cfg.yaml
[0.284s] -- Up-to-date symlink: /home/bajdus/Desktop/complete-velocity-messages/ros_ws/install/motion_capture_tracking/share/motion_capture_tracking//config/rviz.rviz
[0.284s] -- Up-to-date symlink: /home/bajdus/Desktop/complete-velocity-messages/ros_ws/install/motion_capture_tracking/share/ament_index/resource_index/package_run_dependencies/motion_capture_tracking
[0.284s] -- Up-to-date symlink: /home/bajdus/Desktop/complete-velocity-messages/ros_ws/install/motion_capture_tracking/share/ament_index/resource_index/parent_prefix_path/motion_capture_tracking
[0.284s] -- Up-to-date symlink: /home/bajdus/Desktop/complete-velocity-messages/ros_ws/install/motion_capture_tracking/share/motion_capture_tracking/environment/ament_prefix_path.sh
[0.284s] -- Up-to-date symlink: /home/bajdus/Desktop/complete-velocity-messages/ros_ws/install/motion_capture_tracking/share/motion_capture_tracking/environment/ament_prefix_path.dsv
[0.284s] -- Up-to-date symlink: /home/bajdus/Desktop/complete-velocity-messages/ros_ws/install/motion_capture_tracking/share/motion_capture_tracking/environment/path.sh
[0.284s] -- Up-to-date symlink: /home/bajdus/Desktop/complete-velocity-messages/ros_ws/install/motion_capture_tracking/share/motion_capture_tracking/environment/path.dsv
[0.284s] -- Up-to-date symlink: /home/bajdus/Desktop/complete-velocity-messages/ros_ws/install/motion_capture_tracking/share/motion_capture_tracking/local_setup.bash
[0.284s] -- Up-to-date symlink: /home/bajdus/Desktop/complete-velocity-messages/ros_ws/install/motion_capture_tracking/share/motion_capture_tracking/local_setup.sh
[0.285s] -- Up-to-date symlink: /home/bajdus/Desktop/complete-velocity-messages/ros_ws/install/motion_capture_tracking/share/motion_capture_tracking/local_setup.zsh
[0.285s] -- Up-to-date symlink: /home/bajdus/Desktop/complete-velocity-messages/ros_ws/install/motion_capture_tracking/share/motion_capture_tracking/local_setup.dsv
[0.285s] -- Symlinking: /home/bajdus/Desktop/complete-velocity-messages/ros_ws/install/motion_capture_tracking/share/motion_capture_tracking/package.dsv
[0.292s] -- Up-to-date symlink: /home/bajdus/Desktop/complete-velocity-messages/ros_ws/install/motion_capture_tracking/share/ament_index/resource_index/packages/motion_capture_tracking
[0.292s] -- Up-to-date symlink: /home/bajdus/Desktop/complete-velocity-messages/ros_ws/install/motion_capture_tracking/share/motion_capture_tracking/cmake/motion_capture_trackingConfig.cmake
[0.293s] -- Up-to-date symlink: /home/bajdus/Desktop/complete-velocity-messages/ros_ws/install/motion_capture_tracking/share/motion_capture_tracking/cmake/motion_capture_trackingConfig-version.cmake
[0.293s] -- Up-to-date symlink: /home/bajdus/Desktop/complete-velocity-messages/ros_ws/install/motion_capture_tracking/share/motion_capture_tracking/package.xml
[0.294s] Invoked command in '/home/bajdus/Desktop/complete-velocity-messages/ros_ws/build/motion_capture_tracking' returned '0': AMENT_PREFIX_PATH=/home/bajdus/Desktop/complete-velocity-messages/ros_ws/install/motion_capture_tracking_interfaces:${AMENT_PREFIX_PATH} CMAKE_PREFIX_PATH=/home/bajdus/Desktop/complete-velocity-messages/ros_ws/install/motion_capture_tracking_interfaces:/usr/local:/opt/ros/jazzy/opt/gz_math_vendor:/opt/ros/jazzy/opt/gz_utils_vendor:/opt/ros/jazzy/opt/gz_cmake_vendor:/opt/ros/jazzy DEBUGINFOD_URLS=https://debuginfod.ubuntu.com LD_LIBRARY_PATH=/home/bajdus/Desktop/complete-velocity-messages/ros_ws/install/motion_capture_tracking_interfaces/lib:${LD_LIBRARY_PATH} PYTHONPATH=/home/bajdus/Desktop/complete-velocity-messages/ros_ws/install/motion_capture_tracking_interfaces/lib/python3.12/site-packages:${PYTHONPATH} /usr/bin/cmake --install /home/bajdus/Desktop/complete-velocity-messages/ros_ws/build/motion_capture_tracking
